=== rare-earth 600111 北方稀土 ===
  fin: {'rev': '425.63', 'npv': '22.51', 'gm': '12.21', 'roe': '9.56', 'debt': '35.89', 'ocf': '11.21', 'fy': '待采集'}
  pepb: {'pe': 51.68, 'pb': 5.53}
  co 页已存在，覆盖: berkshire-rare-earth-co-600111.html
  inject did= False
=== rare-earth 600010 包钢股份 ===
  fin: {'rev': '663.58', 'npv': '3.74', 'gm': '9.66', 'roe': '0.72', 'debt': '59.48', 'ocf': '27.04', 'fy': '待采集'}
  pepb: {'pe': -742.29, 'pb': 1.93}
  co 页已存在，覆盖: berkshire-rare-earth-co-600010.html
  inject did= False
=== rare-earth 600259 广晟有色 ===
  fin: {'rev': '58.20', 'npv': '1.28', 'gm': '6.20', 'roe': '3.73', 'debt': '45.77', 'ocf': '9.30', 'fy': '待采集'}
  pepb: {'pe': 92.48, 'pb': 6.34}
  co 页已存在，覆盖: berkshire-rare-earth-co-600259.html
  inject did= False
=== rare-earth 002056 横店东磁 ===
  fin: {'rev': '225.86', 'npv': '18.51', 'gm': '17.82', 'roe': '17.42', 'debt': '59.68', 'ocf': '31.91', 'fy': '待采集'}
  pepb: {'pe': 18.43, 'pb': 2.97}
  co 页已存在，覆盖: berkshire-rare-earth-co-002056.html
  inject did= False
=== rare-earth 300748 金力永磁 ===
  fin: {'rev': '77.18', 'npv': '7.06', 'gm': '21.18', 'roe': '9.58', 'debt': '49.87', 'ocf': '3.53', 'fy': '待采集'}
  pepb: {'pe': 46.25, 'pb': 4.48}
  co 页已存在，覆盖: berkshire-rare-earth-co-300748.html
  inject did= False
=== rare-earth 600366 宁波韵升 ===
  fin: {'rev': '54.64', 'npv': '3.31', 'gm': '17.81', 'roe': '5.48', 'debt': '41.88', 'ocf': '3.45', 'fy': '待采集'}
  pepb: {'pe': 28.59, 'pb': 1.85}
  co 页已存在，覆盖: berkshire-rare-earth-co-600366.html
  inject did= False
=== rare-earth 600392 盛和资源 ===
  fin: {'rev': '149.91', 'npv': '8.39', 'gm': '10.66', 'roe': '7.79', 'debt': '31.88', 'ocf': '7.36', 'fy': '待采集'}
  pepb: {'pe': 35.27, 'pb': 2.74}
  co 页已存在，覆盖: berkshire-rare-earth-co-600392.html
  inject did= False
=== rare-earth 600549 厦门钨业 ===
  fin: {'rev': '462.65', 'npv': '23.09', 'gm': '17.90', 'roe': '13.99', 'debt': '52.41', 'ocf': '29.68', 'fy': '待采集'}
  pepb: {'pe': 23.62, 'pb': 3.9}
  co 页已存在，覆盖: berkshire-rare-earth-co-600549.html
  inject did= False
=== rare-earth 000795 英洛华 ===
  fin: {'rev': '38.84', 'npv': '2.50', 'gm': '20.13', 'roe': '9.27', 'debt': '37.37', 'ocf': '3.29', 'fy': '待采集'}
  pepb: {'pe': 37.39, 'pb': 3.44}
  co 页已存在，覆盖: berkshire-rare-earth-co-000795.html
  inject did= False
=== rare-earth 000831 中国稀土 ===
  fin: {'rev': '31.82', 'npv': '1.73', 'gm': '16.65', 'roe': '3.65', 'debt': '13.10', 'ocf': '4.68', 'fy': '待采集'}
  pepb: {'pe': 210.9, 'pb': 10.17}
  co 页已存在，覆盖: berkshire-rare-earth-co-000831.html
  inject did= False
=== rare-earth 300224 正海磁材 ===
  fin: {'rev': '70.31', 'npv': '3.07', 'gm': '13.05', 'roe': '7.11', 'debt': '45.06', 'ocf': '1.11', 'fy': '待采集'}
  pepb: {'pe': 36.03, 'pb': 1.98}
  co 页已存在，覆盖: berkshire-rare-earth-co-300224.html
  inject did= False
=== rare-earth 000970 中科三环 ===
  fin: {'rev': '66.41', 'npv': '0.91', 'gm': '10.78', 'roe': '1.41', 'debt': '27.20', 'ocf': '-0.72', 'fy': '待采集'}
  pepb: {'pe': 153.5, 'pb': 2.27}
  co 页已存在，覆盖: berkshire-rare-earth-co-000970.html
  inject did= False
=== semiconductor-chemical 688106 金宏气体 ===
  fin: {'rev': '27.77', 'npv': '1.32', 'gm': '29.71', 'roe': '4.26', 'debt': '56.26', 'ocf': '5.28', 'fy': '待采集'}
  pepb: {'pe': 147.59, 'pb': 4.05}
  co 页已存在，覆盖: berkshire-semiconductor-chemical-co-688106.html
  inject did= False
=== semiconductor-chemical 688138 清溢光电 ===
  fin: {'rev': '12.40', 'npv': '1.87', 'gm': '31.15', 'roe': '8.03', 'debt': '28.94', 'ocf': '3.47', 'fy': '待采集'}
  pepb: {'pe': 43.93, 'pb': 2.96}
  co 页已存在，覆盖: berkshire-semiconductor-chemical-co-688138.html
  inject did= False
=== semiconductor-equip 688409 富创精密 ===
  fin: {'rev': '35.43', 'npv': '-0.09', 'gm': '22.23', 'roe': '-0.19', 'debt': '48.59', 'ocf': '3.62', 'fy': '待采集'}
  pepb: {'pe': 702.45, 'pb': 11.11}
  co 页已存在，覆盖: berkshire-semiconductor-equip-co-688409.html
  inject did= False
=== semiconductor-equip 688596 正帆科技 ===
  fin: {'rev': '49.16', 'npv': '1.36', 'gm': '20.99', 'roe': '3.73', 'debt': '68.19', 'ocf': '1.90', 'fy': '待采集'}
  pepb: {'pe': 186.18, 'pb': 3.92}
  co 页已存在，覆盖: berkshire-semiconductor-equip-co-688596.html
  inject did= False

DONE changed=32 -> _collect_changed.txt
