[safe-delete][SAFE_DELETE_BULK_CONFIRM_REQUIRED] {"count":50,"threshold":50,"scope":"turn","targets":["C:\\Users\\Administrator\\WorkBuddy\\2026-07-08-13-16-44\\deploy_site\\_dps_tmp.py"],"targetCount":1}
目标页 1066 / 唯一代码 989 / 已缓存 0
[1/989] 000002: dps=0.06 price=3.36 股息率=1.79%  (10送5股派0.6元)
[2/989] 000008: dps=0.05 price=2.37 股息率=2.11%  (10送1.5股派0.5元)
[3/989] 000012: dps=0.06999999999999999 price=3.94 股息率=1.78%  (10送3股派0.7元)
[4/989] 000019: dps=0.01 price=6.08 股息率=0.16%  (10送1股派0.1元)
[5/989] 000028: dps=0.616 price=20.84 股息率=2.96%  (10送1股派6.16元(含税))
[6/989] 000035: dps=0.036 price=5.02 股息率=0.72%  (10派0.36元(含税))
[7/989] 000049: dps=0.22999999999999998 price=24.46 股息率=0.94%  (10派2.3元(含税))
[8/989] 000050: dps=0.06999999999999999 price=6.46 股息率=1.08%  (10派0.7元(含税))
[9/989] 000063: dps=0.41100000000000003 price=33.88 股息率=1.21%  (10派4.11元(含税))
[10/989] 000089: dps=0.16 price=6.72 股息率=2.38%  (10派1.6元(含税))
[11/989] 000100: dps=0.09 price=4.76 股息率=1.89%  (10派0.9元(含税))
[12/989] 000157: dps=0.2 price=7.63 股息率=2.62%  (10派2元(含税))
[13/989] 000166: dps=0.075 price=4.69 股息率=1.6%  (10派0.75元(含税))
[14/989] 000301: dps=0.1 price=11.87 股息率=0.84%  (10派1元(含税))
[15/989] 000400: dps=0.221 price=22.65 股息率=0.98%  (10派2.21元(含税))
[16/989] 000401: dps=0.1 price=3.65 股息率=2.74%  (10派1元(含税))
[17/989] 000407: dps=0.045 price=3.93 股息率=1.15%  (10派0.45元(含税))
[18/989] 000408: dps=1.5 price=80.32 股息率=1.87%  (10派15元(含税))
[19/989] 000411: dps=0.354 price=9.44 股息率=3.75%  (10派3.54元(含税))
[20/989] 000415: dps=0.3 price=4.45 股息率=6.74%  (10派3元(含税))
[21/989] 000422: dps=0.25 price=13.11 股息率=1.91%  (10派2.5元(含税))
[22/989] 000425: dps=0.2 price=9.0 股息率=2.22%  (10派2元(含税))
[23/989] 000429: dps=0.604 price=14.24 股息率=4.24%  (10派6.04元(含税))
[24/989] 000488: dps=0.185 price=1.98 股息率=9.34%  (10派1.85元(含税))
[25/989] 000513: dps=1.4300000000000002 price=30.98 股息率=4.62%  (10派14.3元(含税))
[26/989] 000516: dps=0.0867808 price=4.25 股息率=2.04%  (10派0.867808元(含税))
[27/989] 000525: dps=0.15 price=4.62 股息率=3.25%  (10派1.50元(含税))
[28/989] 000528: dps=0.32498079999999996 price=8.74 股息率=3.72%  (10派3.249808元(含税))
[29/989] 000541: dps=0.05 price=5.01 股息率=1.0%  (10派0.5元(含税))
[30/989] 000558: dps=0.2488 price=3.41 股息率=7.3%  (10送1股派2.488元)
[31/989] 000563: dps=0.1 price=3.09 股息率=3.24%  (10送2股派1元)
[32/989] 000570: dps=0.022 price=4.92 股息率=0.45%  (10派0.22元(含税))
[33/989] 000589: dps=0.09 price=4.35 股息率=2.07%  (10派0.9元(含税))
[34/989] 000590: dps=0.2 price=8.16 股息率=2.45%  (10派2.00元(含税))
[35/989] 000598: dps=0.2352 price=7.27 股息率=3.24%  (10派2.352元(含税))
[36/989] 000599: dps=0.01 price=4.66 股息率=0.21%  (10派0.1元(含税))
[37/989] 000617: dps=0.047 price=7.19 股息率=0.65%  (10派0.47元(含税))
[38/989] 000625: dps=0.11682300000000001 price=7.87 股息率=1.48%  (10派1.16823元(含税))
[39/989] 000627: dps=0.11000000000000001 price=1.58 股息率=6.96%  (10派1.1元(含税))
[40/989] 000629: dps=0.01 price=3.07 股息率=0.33%  (10派0.1元(含税))
[41/989] 000636: dps=0.1 price=50.8 股息率=0.2%  (10派1元(含税))
[42/989] 000639: dps=0.08 price=1.57 股息率=5.1%  (10转4股派0.8元(含税))
[43/989] 000659: dps=0.01 price=2.61 股息率=0.38%  (10派0.10元(含税))
[44/989] 000661: dps=0.16 price=81.3 股息率=0.2%  (10派1.6元(含税))
[45/989] 000665: dps=0.03 price=3.91 股息率=0.77%  (10派0.3元(含税))
[46/989] 000672: dps=0.48 price=13.12 股息率=3.66%  (10派4.8元(含税))
[47/989] 000680: dps=0.1 price=11.32 股息率=0.88%  (10派1元(含税))
[48/989] 000682: dps=0.05 price=11.93 股息率=0.42%  (10派0.5元(含税))
[49/989] 000685: dps=0.385 price=11.11 股息率=3.47%  (10派3.85元(含税))
