目标页 1066 / 唯一代码 989
fetch 000002: PE=-0.45(P17.6%) PB=0.36(P9.4%)
fetch 000008: PE=-7.82(P28.0%) PB=2.98(P81.1%)
fetch 000012: PE=1071.86(P98.2%) PB=0.92(P1.0%)
fetch 000019: PE=32.53(P86.9%) PB=1.4(P2.9%)
fetch 000028: PE=11.75(P32.8%) PB=0.68(P1.8%)
fetch 000035: PE=41.55(P62.7%) PB=1.12(P30.4%)
fetch 000049: PE=29.01(P84.7%) PB=1.38(P9.6%)
fetch 000050: PE=-230.98(P2.2%) PB=0.58(P1.0%)
fetch 000063: PE=36.14(P88.0%) PB=2.11(P22.6%)
fetch 000089: PE=22.38(P26.9%) PB=1.17(P5.6%)
fetch 000100: PE=19.44(P39.7%) PB=1.57(P39.4%)
fetch 000157: PE=15.17(P42.4%) PB=1.13(P63.6%)
fetch 000166: PE=11.88(P3.3%) PB=1.02(P2.7%)
fetch 000301: PE=63.52(P75.4%) PB=2.24(P66.9%)
fetch 000400: PE=21.69(P32.8%) PB=1.89(P42.0%)
fetch 000401: PE=99.84(P97.3%) PB=0.37(P1.4%)
fetch 000407: PE=21.16(P33.1%) PB=1.12(P19.8%)
fetch 000408: PE=27.03(P55.3%) PB=7.17(P91.5%)
fetch 000411: PE=11.17(P8.2%) PB=0.99(P1.0%)
fetch 000415: PE=-167.69(P0.5%) PB=0.94(P78.0%)
fetch 000422: PE=14.94(P50.6%) PB=2.29(P45.4%)
fetch 000425: PE=15.88(P53.2%) PB=1.67(P84.7%)
fetch 000429: PE=19.08(P93.8%) PB=2.64(P95.3%)
fetch 000488: PE=-0.8(P22.0%) PB=14.05(P98.2%)
fetch 000513: PE=14.08(P12.0%) PB=1.91(P4.1%)
fetch 000516: PE=-37.39(P19.3%) PB=2.92(P36.9%)
fetch 000525: PE=-15.0(P22.0%) PB=2.45(P53.5%)
fetch 000528: PE=11.48(P26.7%) PB=0.94(P30.5%)
fetch 000541: PE=43.75(P93.4%) PB=1.12(P3.1%)
fetch 000558: PE=-98.89(P17.5%) PB=4.18(P67.7%)
fetch 000563: PE=11.05(P1.1%) PB=0.85(P5.2%)
fetch 000570: PE=42.95(P36.4%) PB=0.99(P6.7%)
fetch 000589: PE=9.25(P39.1%) PB=0.74(P2.5%)
fetch 000590: PE=-47.98(P22.8%) PB=3.64(P50.5%)
fetch 000598: PE=10.85(P36.8%) PB=1.08(P18.3%)
fetch 000599: PE=-54.1(P2.9%) PB=2.18(P85.0%)
fetch 000617: PE=19.77(P79.9%) PB=0.86(P34.5%)
fetch 000625: PE=25.39(P75.6%) PB=1.01(P17.8%)
fetch 000627: PE=-10.04(P22.3%) PB=0.36(P1.9%)
fetch 000629: PE=373.79(P97.8%) PB=2.31(P29.0%)
fetch 000636: PE=185.81(P97.3%) PB=4.57(P92.2%)
fetch 000639: PE=-1.34(P36.7%) PB=1.02(P12.2%)
fetch 000659: PE=-33.28(P37.5%) PB=36.63(P97.7%)
fetch 000661: PE=-786.91(P1.0%) PB=1.48(P3.0%)
fetch 000665: PE=-4.04(P61.3%) PB=1.39(P79.2%)
fetch 000672: PE=21.74(P86.5%) PB=1.41(P30.8%)
fetch 000680: PE=13.34(P24.4%) PB=2.63(P91.2%)
fetch 000682: PE=15.64(P0.4%) PB=2.61(P46.6%)
fetch 000685: PE=7.54(P1.2%) PB=0.85(P43.0%)
fetch 000703: PE=27.93(P77.6%) PB=2.33(P84.5%)
fetch 000708: PE=12.48(P44.7%) PB=1.7(P45.1%)
fetch 000713: PE=76.68(P48.0%) PB=1.47(P9.6%)
fetch 000719: PE=9.51(P46.6%) PB=1.06(P59.2%)
fetch 000725: PE=34.3(P58.8%) PB=1.5(P60.1%)
fetch 000729: PE=20.47(P7.4%) PB=2.31(P89.7%)
fetch 000733: PE=23.1(P22.3%) PB=1.44(P8.2%)
fetch 000739: PE=26.28(P41.0%) PB=3.57(P53.2%)
fetch 000752: PE=14.74(P45.4%) PB=3.43(P38.2%)
fetch 000768: PE=52.94(P1.5%) PB=2.61(P6.8%)
fetch 000776: PE=10.68(P3.7%) PB=1.21(P52.1%)
fetch 000777: PE=41.88(P52.8%) PB=2.68(P12.6%)
fetch 000789: PE=-122.39(P1.9%) PB=0.5(P1.4%)
fetch 000792: PE=13.96(P58.4%) PB=3.23(P63.5%)
fetch 000795: PE=37.52(P8.5%) PB=3.46(P66.6%)
fetch 000802: PE=-13.23(P29.1%) PB=4.55(P97.3%)
fetch 000807: PE=10.64(P28.0%) PB=2.59(P77.3%)
fetch 000811: PE=59.6(P98.6%) PB=5.36(P98.6%)
fetch 000816: PE=-49.7(P31.3%) PB=1.9(P41.9%)
fetch 000823: PE=35.08(P86.5%) PB=1.56(P53.8%)
fetch 000825: PE=-177.89(P1.8%) PB=0.63(P18.2%)
fetch 000831: PE=212.77(P73.3%) PB=10.26(P76.5%)
fetch 000837: PE=199.38(P72.5%) PB=2.01(P45.7%)
fetch 000848: PE=13.91(P13.3%) PB=2.47(P7.3%)
fetch 000852: PE=-3633.94(P1.9%) PB=1.61(P1.6%)
fetch 000876: PE=-10.08(P20.5%) PB=1.67(P21.9%)
fetch 000877: PE=-3.74(P18.5%) PB=0.37(P1.2%)
fetch 000880: PE=38.31(P51.6%) PB=4.67(P86.3%)
fetch 000881: PE=-21.54(P14.4%) PB=1.22(P26.3%)
fetch 000895: PE=17.12(P37.1%) PB=3.97(P13.0%)
fetch 000898: PE=-3.86(P34.7%) PB=0.45(P20.4%)
fetch 000900: PE=14.49(P82.9%) PB=0.51(P3.8%)
fetch 000925: PE=-105.72(P19.3%) PB=1.49(P21.8%)
fetch 000927: PE=30.46(P66.2%) PB=1.55(P31.1%)
fetch 000929: PE=-13.73(P70.7%) PB=4.52(P94.1%)
fetch 000932: PE=11.99(P82.2%) PB=0.48(P2.3%)
fetch 000935: PE=67.29(P82.6%) PB=2.07(P28.3%)
fetch 000938: PE=46.96(P71.7%) PB=6.43(P98.5%)
fetch 000959: PE=35.84(P85.2%) PB=0.6(P26.4%)
fetch 000963: PE=14.58(P6.3%) PB=1.98(P1.4%)
fetch 000967: PE=45.2(P83.6%) PB=1.53(P59.0%)
fetch 000970: PE=152.24(P89.7%) PB=2.25(P37.5%)
fetch 000975: PE=17.65(P2.5%) PB=3.99(P75.2%)
fetch 000987: PE=9.48(P7.0%) PB=1.18(P22.6%)
fetch 000988: PE=56.43(P84.7%) PB=8.2(P95.2%)
fetch 000998: PE=332.81(P95.1%) PB=1.82(P1.5%)
fetch 001201: PE=-8.49(P60.1%) PB=0.96(P2.5%)
fetch 001205: PE=22.69(P47.7%) PB=1.15(P1.3%)
fetch 001213: PE=42.59(P68.0%) PB=0.83(P2.9%)
fetch 001215: PE=47.06(P52.5%) PB=1.64(P19.3%)
fetch 001236: PE=503.28(P62.0%) PB=4.11(P9.5%)
fetch 001337: PE=26.5(P3.8%) PB=8.01(P57.2%)
fetch 001338: PE=22.12(P48.0%) PB=1.18(P2.6%)
fetch 001872: PE=11.81(P35.6%) PB=0.84(P51.3%)
fetch 001979: PE=101.48(P98.4%) PB=0.64(P1.0%)
fetch 002007: PE=28.61(P25.6%) PB=2.09(P1.6%)
fetch 002008: PE=43.78(P81.5%) PB=4.21(P48.8%)
fetch 002027: PE=22.54(P53.5%) PB=5.25(P19.0%)
fetch 002028: PE=36.62(P78.9%) PB=7.6(P92.9%)
fetch 002032: PE=17.22(P5.3%) PB=5.14(P5.5%)
fetch 002034: PE=10.27(P14.6%) PB=1.02(P13.0%)
fetch 002035: PE=13.9(P39.0%) PB=1.07(P1.4%)
fetch 002036: PE=-6.46(P32.4%) PB=7.44(P93.6%)
fetch 002037: PE=-3.64(P33.4%) PB=3.09(P96.6%)
fetch 002041: PE=76.57(P49.9%) PB=2.09(P10.5%)
fetch 002043: PE=14.6(P38.4%) PB=3.17(P36.5%)
fetch 002044: PE=61.22(P42.8%) PB=2.37(P7.8%)
fetch 002047: PE=70.3(P95.1%) PB=114.36(P95.1%)
fetch 002049: PE=33.19(P15.5%) PB=3.94(P3.3%)
fetch 002056: PE=19.01(P45.6%) PB=3.07(P42.8%)
fetch 002064: PE=19.07(P68.5%) PB=1.89(P41.3%)
fetch 002067: PE=65.57(P79.8%) PB=0.98(P65.7%)
fetch 002074: PE=22.49(P22.8%) PB=1.79(P29.1%)
fetch 002078: PE=12.44(P44.9%) PB=1.3(P7.8%)
fetch 002079: PE=66.27(P58.5%) PB=2.52(P11.2%)
fetch 002080: PE=36.88(P83.9%) PB=3.54(P88.0%)
fetch 002081: PE=24.41(P97.5%) PB=0.71(P18.9%)
fetch 002083: PE=21.83(P92.1%) PB=2.15(P93.6%)
fetch 002097: PE=111.52(P82.4%) PB=1.66(P54.6%)
fetch 002100: PE=-98.61(P2.5%) PB=1.45(P30.9%)
fetch 002120: PE=15.0(P20.0%) PB=0.94(P2.6%)
fetch 002121: PE=-31.93(P18.2%) PB=23.76(P96.2%)
fetch 002124: PE=-2.3(P37.5%) PB=2.97(P65.3%)
fetch 002129: PE=-3.96(P10.5%) PB=1.78(P29.0%)
fetch 002131: PE=-733.5(P1.9%) PB=2.45(P74.4%)
fetch 002138: PE=35.13(P40.4%) PB=5.26(P83.2%)
fetch 002151: PE=-72.11(P5.7%) PB=3.19(P34.5%)
fetch 002154: PE=14.01(P48.6%) PB=1.17(P3.1%)
fetch 002155: PE=20.57(P0.8%) PB=4.13(P88.6%)
fetch 002156: PE=59.52(P48.6%) PB=5.5(P95.5%)
fetch 002157: PE=-23.96(P10.3%) PB=2.59(P63.1%)
fetch 002158: PE=27.75(P68.1%) PB=3.06(P39.4%)
fetch 002160: PE=57.76(P76.6%) PB=1.04(P29.5%)
fetch 002171: PE=38.46(P65.1%) PB=1.69(P27.2%)
fetch 002174: PE=-41.34(P10.0%) PB=2.44(P38.9%)
fetch 002179: PE=37.24(P58.1%) PB=2.9(P0.7%)
fetch 002191: PE=-14.1(P13.7%) PB=0.85(P8.2%)
fetch 002201: PE=55.67(P8.9%) PB=4.22(P41.5%)
fetch 002202: PE=24.95(P84.3%) PB=1.95(P60.5%)
fetch 002203: PE=40.7(P95.2%) PB=2.47(P73.9%)
fetch 002205: PE=-19.66(P27.4%) PB=7.12(P93.2%)
fetch 002212: PE=185.08(P83.3%) PB=0.81(P8.2%)
fetch 002216: PE=19.24(P32.8%) PB=2.39(P19.3%)
fetch 002219: PE=278.77(P93.7%) PB=3.64(P25.3%)
fetch 002223: PE=21.9(P48.0%) PB=2.06(P2.2%)
fetch 002226: PE=17.65(P28.6%) PB=1.36(P33.0%)
fetch 002228: PE=39.71(P78.9%) PB=1.25(P27.9%)
fetch 002230: PE=117.53(P45.1%) PB=5.38(P9.7%)
fetch 002233: PE=21.06(P90.6%) PB=0.72(P6.3%)
fetch 002234: PE=-9.27(P45.0%) PB=1.44(P7.5%)
fetch 002236: PE=14.01(P17.5%) PB=1.42(P7.5%)
fetch 002237: PE=28.89(P54.4%) PB=1.42(P16.4%)
fetch 002241: PE=20.65(P19.8%) PB=2.2(P28.2%)
fetch 002242: PE=69.82(P93.6%) PB=1.98(P2.5%)
fetch 002244: PE=14.8(P82.1%) PB=0.95(P39.4%)
fetch 002245: PE=35.46(P48.8%) PB=3.46(P62.8%)
fetch 002248: PE=79.33(P55.5%) PB=23.45(P37.1%)
fetch 002254: PE=212.4(P97.1%) PB=1.37(P18.7%)
fetch 002258: PE=28.87(P81.5%) PB=1.59(P30.5%)
fetch 002262: PE=20.9(P38.7%) PB=2.68(P6.0%)
fetch 002267: PE=16.54(P44.7%) PB=1.17(P16.1%)
fetch 002268: PE=337.46(P95.6%) PB=2.24(P4.1%)
fetch 002271: PE=87.93(P96.2%) PB=1.38(P16.1%)
fetch 002273: PE=29.35(P23.7%) PB=3.45(P57.7%)
fetch 002281: PE=129.16(P97.7%) PB=12.94(P97.7%)
fetch 002293: PE=None(PNone%) PB=None(PNone%)
fetch 002294: PE=54.85(P53.6%) PB=4.06(P34.6%)
fetch 002295: PE=-38.46(P2.2%) PB=1.56(P57.5%)
fetch 002299: PE=13.99(P20.9%) PB=1.81(P11.9%)
fetch 002302: PE=-8.33(P12.4%) PB=0.75(P3.6%)
fetch 002310: PE=-176.11(P1.4%) PB=6.24(P87.1%)
fetch 002311: PE=21.08(P19.3%) PB=3.22(P4.0%)
fetch 002313: PE=-15.81(P28.7%) PB=38.76(P87.3%)
fetch 002318: PE=13.0(P15.5%) PB=2.16(P17.2%)
fetch 002321: PE=-63.24(P18.1%) PB=4.33(P66.3%)
fetch 002325: PE=-0.48(P64.4%) PB=0.44(P1.6%)
fetch 002326: PE=351.84(P97.1%) PB=6.07(P75.5%)
fetch 002327: PE=15.93(P76.1%) PB=1.46(P1.4%)
fetch 002329: PE=-5.57(P49.4%) PB=5.03(P95.9%)
fetch 002330: PE=-225.37(P5.3%) PB=1.07(P5.2%)
fetch 002334: PE=37.4(P79.5%) PB=1.75(P4.8%)
fetch 002335: PE=50.7(P61.6%) PB=3.34(P56.6%)
fetch 002343: PE=-70.54(P8.1%) PB=2.45(P30.8%)
fetch 002345: PE=16.93(P37.6%) PB=2.41(P72.1%)
fetch 002352: PE=16.15(P2.3%) PB=1.84(P4.1%)
fetch 002353: PE=49.2(P74.7%) PB=5.87(P97.8%)
fetch 002360: PE=-1.74(P12.6%) PB=2.12(P57.6%)
fetch 002365: PE=106.21(P76.6%) PB=1.84(P52.0%)
fetch 002366: PE=-161.07(P12.2%) PB=2.57(P46.2%)
fetch 002367: PE=14.25(P13.7%) PB=1.16(P2.1%)
fetch 002368: PE=-10.38(P1.8%) PB=2.31(P3.3%)
fetch 002371: PE=89.41(P39.4%) PB=12.69(P78.2%)
fetch 002373: PE=245.39(P94.3%) PB=1.09(P5.1%)
fetch 002375: PE=14.34(P11.1%) PB=0.57(P3.8%)
fetch 002383: PE=-31.56(P20.7%) PB=3.37(P55.4%)
fetch 002384: PE=153.96(P91.2%) PB=13.87(P97.1%)
fetch 002385: PE=-13.79(P26.7%) PB=1.77(P8.8%)
fetch 002387: PE=-3.9(P61.8%) PB=3.71(P80.4%)
fetch 002391: PE=62.49(P98.4%) PB=0.8(P13.4%)
fetch 002395: PE=19.45(P20.7%) PB=2.06(P1.0%)
fetch 002396: PE=49.06(P99.3%) PB=2.82(P44.3%)
fetch 002397: PE=48.11(P46.6%) PB=2.1(P44.7%)
fetch 002398: PE=60.21(P88.4%) PB=0.75(P4.7%)
fetch 002400: PE=148.95(P93.8%) PB=2.37(P70.6%)
fetch 002405: PE=141.93(P67.9%) PB=1.8(P8.2%)
fetch 002409: PE=63.25(P52.5%) PB=7.86(P96.4%)
fetch 002410: PE=37.92(P3.0%) PB=2.56(P1.9%)
fetch 002415: PE=21.0(P17.8%) PB=4.09(P23.4%)
fetch 002419: PE=64.98(P79.9%) PB=1.26(P7.8%)
fetch 002422: PE=43.98(P80.4%) PB=2.8(P81.9%)
fetch 002423: PE=21.12(P58.5%) PB=0.9(P14.8%)
fetch 002431: PE=-2.07(P67.4%) PB=8.07(P98.2%)
fetch 002436: PE=323.99(P97.5%) PB=8.76(P97.1%)
fetch 002438: PE=22.91(P24.6%) PB=1.69(P11.8%)
fetch 002439: PE=-32.27(P11.4%) PB=1.56(P6.3%)
fetch 002452: PE=18.35(P31.9%) PB=2.42(P68.8%)
fetch 002456: PE=-171.87(P11.8%) PB=6.7(P68.7%)
fetch 002457: PE=26.98(P53.6%) PB=1.37(P34.9%)
fetch 002458: PE=26.7(P55.7%) PB=2.69(P22.7%)
fetch 002459: PE=-6.16(P22.6%) PB=1.2(P4.7%)
fetch 002461: PE=21.54(P1.5%) PB=1.78(P33.2%)
fetch 002463: PE=46.41(P86.3%) PB=11.89(P97.5%)
fetch 002465: PE=-30.04(P9.4%) PB=2.17(P23.7%)
fetch 002468: PE=13.56(P23.9%) PB=1.89(P33.9%)
fetch 002475: PE=25.79(P30.2%) PB=5.03(P35.4%)
fetch 002482: PE=-40.13(P10.5%) PB=10.62(P77.4%)
fetch 002484: PE=72.94(P95.9%) PB=7.77(P98.1%)
fetch 002487: PE=22.32(P18.1%) PB=3.35(P74.8%)
fetch 002489: PE=23.56(P61.1%) PB=1.27(P0.7%)
fetch 002493: PE=40.15(P73.6%) PB=2.66(P30.4%)
fetch 002497: PE=22.73(P30.4%) PB=1.83(P23.8%)
fetch 002507: PE=18.31(P6.8%) PB=1.56(P2.3%)
fetch 002508: PE=12.32(P11.9%) PB=1.28(P1.2%)
fetch 002511: PE=27.0(P10.5%) PB=1.72(P11.2%)
fetch 002517: PE=16.95(P36.5%) PB=3.55(P41.7%)
fetch 002520: PE=-32.57(P4.1%) PB=13.94(P91.2%)
fetch 002523: PE=40.26(P6.3%) PB=1.87(P41.7%)
fetch 002531: PE=-49.89(P7.4%) PB=1.32(P2.7%)
fetch 002540: PE=16.82(P48.7%) PB=1.12(P5.6%)
fetch 002543: PE=42.96(P98.6%) PB=1.03(P1.4%)
fetch 002548: PE=-7.02(P40.8%) PB=3.03(P75.9%)
fetch 002554: PE=-8.75(P32.1%) PB=1.96(P56.8%)
fetch 002555: PE=13.66(P17.4%) PB=3.04(P16.4%)
fetch 002557: PE=25.24(P54.2%) PB=1.89(P1.4%)
fetch 002558: PE=22.38(P29.0%) PB=3.41(P43.6%)
fetch 002559: PE=55.44(P71.0%) PB=3.18(P82.2%)
fetch 002563: PE=16.91(P56.9%) PB=1.43(P27.2%)
fetch 002567: PE=-2.97(P41.3%) PB=1.24(P23.7%)
fetch 002572: PE=9.78(P2.5%) PB=1.13(P1.6%)
fetch 002574: PE=-7.63(P38.4%) PB=0.87(P42.8%)
fetch 002594: PE=31.7(P34.5%) PB=3.77(P39.0%)
fetch 002595: PE=25.34(P91.8%) PB=4.83(P86.6%)
fetch 002596: PE=-17.52(P16.8%) PB=6.63(P93.2%)
fetch 002600: PE=47.63(P68.4%) PB=4.13(P69.1%)
fetch 002602: PE=15.89(P15.6%) PB=3.09(P57.3%)
fetch 002608: PE=8.28(P22.7%) PB=0.78(P14.1%)
fetch 002609: PE=77.4(P79.5%) PB=2.06(P10.8%)
fetch 002620: PE=-18.55(P11.2%) PB=-22.95(P7.4%)
fetch 002623: PE=-18.94(P38.0%) PB=1.05(P13.1%)
fetch 002624: PE=40.05(P73.6%) PB=2.95(P27.1%)
fetch 002626: PE=30.41(P62.0%) PB=1.96(P1.4%)
fetch 002631: PE=-25.01(P29.3%) PB=2.5(P46.1%)
fetch 002639: PE=307.88(P80.8%) PB=3.62(P85.8%)
fetch 002650: PE=-52.03(P11.5%) PB=3.85(P81.7%)
fetch 002659: PE=-159.64(P14.4%) PB=1.29(P41.0%)
fetch 002663: PE=-5.66(P34.7%) PB=1.37(P72.9%)
fetch 002671: PE=37.81(P71.0%) PB=1.26(P44.6%)
fetch 002677: PE=615.16(P98.2%) PB=2.78(P7.1%)
fetch 002688: PE=100.71(P98.9%) PB=1.71(P28.3%)
fetch 002689: PE=26.19(P42.0%) PB=2.18(P2.9%)
fetch 002695: PE=65.8(P49.8%) PB=1.94(P12.4%)
fetch 002701: PE=14.72(P27.4%) PB=1.23(P4.9%)
fetch 002712: PE=-51.48(P16.0%) PB=1.85(P54.9%)
fetch 002713: PE=230.19(P97.5%) PB=10.16(P87.4%)
fetch 002714: PE=23.17(P71.7%) PB=2.63(P1.8%)
fetch 002717: PE=-0.77(P52.5%) PB=-1.25(P1.9%)
fetch 002726: PE=-4.83(P34.9%) PB=5.65(P97.5%)
fetch 002727: PE=24.48(P43.0%) PB=0.91(P2.6%)
fetch 002731: PE=1.84(P2.3%) PB=0.27(P0.4%)
fetch 002732: PE=43.21(P83.6%) PB=1.4(P1.2%)
fetch 002739: PE=-80.09(P12.0%) PB=2.41(P7.9%)
fetch 002745: PE=-12.58(P1.6%) PB=1.27(P41.5%)
fetch 002746: PE=20.22(P40.6%) PB=1.13(P11.2%)
fetch 002752: PE=15.68(P19.8%) PB=1.56(P9.4%)
fetch 002761: PE=35.02(P54.4%) PB=1.13(P1.6%)
fetch 002774: PE=85.32(P89.9%) PB=4.11(P92.5%)
fetch 002775: PE=-8.36(P19.2%) PB=-51.44(P0.7%)
fetch 002789: PE=-1.97(P39.5%) PB=10.05(P70.3%)
fetch 002799: PE=-128.15(P1.9%) PB=1.61(P6.7%)
fetch 002809: PE=-34.87(P2.1%) PB=1.1(P9.5%)
fetch 002811: PE=18.86(P20.4%) PB=2.14(P58.1%)
fetch 002815: PE=57.06(P91.2%) PB=1.55(P11.6%)
fetch 002821: PE=49.6(P55.7%) PB=3.07(P31.0%)
fetch 002827: PE=50.49(P42.0%) PB=8.88(P85.7%)
fetch 002828: PE=-44.48(P4.0%) PB=3.82(P89.8%)
fetch 002830: PE=52.23(P43.8%) PB=3.31(P63.1%)
fetch 002831: PE=21.21(P47.6%) PB=2.75(P36.5%)
fetch 002832: PE=24.5(P72.2%) PB=2.59(P21.5%)
fetch 002835: PE=22.51(P29.0%) PB=2.03(P1.0%)
fetch 002837: PE=125.31(P90.0%) PB=17.47(P89.6%)
fetch 002847: PE=17.55(P1.6%) PB=6.48(P24.1%)
fetch 002853: PE=-75.45(P2.9%) PB=3.89(P78.7%)
fetch 002858: PE=-299.41(P1.9%) PB=4.05(P42.8%)
fetch 002859: PE=116.98(P98.2%) PB=8.9(P97.5%)
fetch 002867: PE=12.25(P12.6%) PB=2.07(P6.1%)
fetch 002876: PE=91.24(P83.1%) PB=1.92(P18.0%)
fetch 002878: PE=-86.0(P1.9%) PB=2.55(P9.0%)
fetch 002881: PE=74.11(P41.8%) PB=3.89(P5.4%)
fetch 002890: PE=206.92(P87.6%) PB=3.65(P70.2%)
fetch 002897: PE=34.29(P21.6%) PB=3.55(P42.7%)
fetch 002905: PE=-28.1(P16.3%) PB=42.46(P89.4%)
fetch 002906: PE=16.82(P1.2%) PB=1.86(P20.4%)
fetch 002911: PE=14.05(P3.8%) PB=3.49(P73.4%)
fetch 002916: PE=57.72(P88.5%) PB=11.6(P85.3%)
fetch 002918: PE=40.06(P80.1%) PB=1.16(P9.6%)
fetch 002920: PE=23.65(P7.6%) PB=3.64(P14.8%)
fetch 002921: PE=-412.81(P5.1%) PB=2.41(P70.9%)
fetch 002928: PE=12.52(P31.7%) PB=2.13(P2.6%)
fetch 002938: PE=50.88(P97.2%) PB=5.45(P85.0%)
fetch 002946: PE=20.02(P9.8%) PB=4.11(P27.5%)
fetch 002961: PE=14.03(P3.6%) PB=2.29(P12.1%)
fetch 002969: PE=96.71(P86.2%) PB=4.19(P84.1%)
fetch 002970: PE=26.88(P33.5%) PB=4.09(P36.7%)
fetch 002973: PE=24.27(P67.7%) PB=1.42(P0.9%)
fetch 002979: PE=75.02(P95.7%) PB=9.68(P89.7%)
fetch 002982: PE=167.49(P92.1%) PB=1.45(P5.6%)
fetch 002984: PE=15.72(P33.9%) PB=1.13(P2.6%)
fetch 002991: PE=18.31(P19.3%) PB=2.28(P2.5%)
fetch 002995: PE=-27.75(P56.0%) PB=3.84(P71.1%)
fetch 003037: PE=94.28(P79.1%) PB=1.17(P4.3%)
fetch 003816: PE=22.0(P91.5%) PB=1.66(P70.2%)
fetch 300002: PE=22.94(P48.7%) PB=2.15(P28.3%)
fetch 300003: PE=29.02(P44.3%) PB=1.47(P9.4%)
fetch 300005: PE=94.52(P77.8%) PB=3.76(P84.4%)
fetch 300007: PE=64.66(P76.6%) PB=3.65(P69.8%)
fetch 300008: PE=31.48(P28.5%) PB=4.3(P52.3%)
fetch 300011: PE=-229.78(P5.9%) PB=2.32(P45.1%)
fetch 300014: PE=26.33(P20.1%) PB=2.7(P15.9%)
fetch 300015: PE=25.05(P2.6%) PB=3.66(P1.8%)
fetch 300017: PE=48.07(P62.0%) PB=3.32(P77.4%)
fetch 300022: PE=-123.42(P23.8%) PB=7.57(P27.2%)
fetch 300031: PE=30.78(P56.9%) PB=1.98(P24.5%)
fetch 300033: PE=52.94(P59.4%) PB=25.3(P95.3%)
fetch 300054: PE=78.86(P84.8%) PB=11.99(P98.1%)
fetch 300058: PE=201.83(P88.2%) PB=6.47(P95.6%)
fetch 300059: PE=24.35(P6.2%) PB=3.34(P11.2%)
fetch 300068: PE=-1.4(P42.0%) PB=3.42(P82.9%)
fetch 300070: PE=210.02(P88.8%) PB=0.47(P2.6%)
fetch 300083: PE=147.94(P90.2%) PB=3.26(P69.4%)
fetch 300087: PE=-23.96(P2.1%) PB=2.86(P1.0%)
fetch 300091: PE=-3.26(P35.4%) PB=5.41(P68.8%)
fetch 300098: PE=-1126.83(P1.8%) PB=3.06(P63.3%)
fetch 300101: PE=523.29(P89.7%) PB=4.66(P3.1%)
fetch 300106: PE=-52.69(P18.3%) PB=5.02(P85.0%)
fetch 300114: PE=None(PNone%) PB=None(PNone%)
fetch 300119: PE=20.16(P14.8%) PB=1.64(P11.9%)
fetch 300120: PE=-7.33(P19.4%) PB=1.44(P39.3%)
fetch 300122: PE=-2.11(P7.9%) PB=2.02(P17.1%)
fetch 300124: PE=36.59(P27.2%) PB=4.77(P2.2%)
fetch 300133: PE=72.59(P96.4%) PB=1.78(P31.2%)
fetch 300136: PE=75.56(P93.2%) PB=6.93(P55.3%)
fetch 300142: PE=68.95(P37.2%) PB=2.66(P21.6%)
fetch 300143: PE=112.11(P81.8%) PB=2.84(P21.9%)
fetch 300146: PE=24.22(P43.8%) PB=1.53(P2.3%)
fetch 300149: PE=-391.41(P1.6%) PB=3.48(P56.9%)
fetch 300155: PE=-40.97(P31.2%) PB=1.87(P8.5%)
fetch 300159: PE=65.7(P80.3%) PB=3.33(P59.9%)
fetch 300161: PE=-1106.5(P5.9%) PB=3.26(P52.0%)
fetch 300164: PE=306.08(P94.3%) PB=5.1(P97.3%)
fetch 300166: PE=-68.75(P12.4%) PB=2.64(P62.5%)
fetch 300170: PE=75.2(P52.1%) PB=3.04(P52.1%)
fetch 300177: PE=-19.5(P32.4%) PB=3.67(P65.9%)
fetch 300188: PE=-11.6(P28.0%) PB=3.75(P28.7%)
fetch 300189: PE=40.04(P79.5%) PB=6.59(P89.9%)
fetch 300196: PE=19.97(P56.5%) PB=1.35(P25.9%)
fetch 300197: PE=-2.64(P46.8%) PB=-14.99(P1.4%)
fetch 300207: PE=44.84(P71.7%) PB=1.43(P13.0%)
fetch 300220: PE=-384.92(P6.8%) PB=24.94(P82.2%)
fetch 300224: PE=36.39(P38.3%) PB=2.0(P8.6%)
fetch 300227: PE=-17.81(P18.2%) PB=3.96(P68.3%)
fetch 300236: PE=74.89(P42.4%) PB=5.5(P83.3%)
fetch 300240: PE=927.16(P93.6%) PB=1.41(P4.9%)
fetch 300244: PE=88.12(P95.8%) PB=1.75(P20.8%)
fetch 300251: PE=-109.25(P6.4%) PB=3.49(P57.0%)
fetch 300257: PE=48.13(P39.5%) PB=2.58(P35.8%)
fetch 300259: PE=18.41(P34.3%) PB=1.45(P16.6%)
fetch 300274: PE=17.97(P27.1%) PB=4.4(P47.1%)
fetch 300294: PE=2292.91(P98.4%) PB=1.06(P1.5%)
fetch 300305: PE=-7.66(P12.2%) PB=0.98(P8.9%)
fetch 300308: PE=70.58(P66.3%) PB=29.65(P95.1%)
fetch 300315: PE=-90.68(P6.2%) PB=2.53(P49.7%)
fetch 300342: PE=914.65(P96.9%) PB=8.36(P93.4%)
fetch 300346: PE=95.94(P42.7%) PB=9.28(P75.9%)
fetch 300347: PE=55.79(P37.2%) PB=2.06(P8.6%)
fetch 300349: PE=16.83(P44.0%) PB=0.94(P0.8%)
fetch 300351: PE=301.25(P97.8%) PB=2.17(P40.4%)
fetch 300363: PE=65.73(P72.0%) PB=1.58(P9.4%)
fetch 300369: PE=-145.09(P4.0%) PB=2.35(P18.2%)
fetch 300378: PE=55.91(P56.8%) PB=3.94(P67.0%)
fetch 300383: PE=-30.16(P1.1%) PB=2.05(P35.3%)
fetch 300394: PE=85.89(P91.1%) PB=31.2(P93.6%)
fetch 300398: PE=44.64(P60.2%) PB=3.56(P58.1%)
fetch 300408: PE=77.18(P98.6%) PB=9.91(P98.6%)
fetch 300410: PE=62.67(P71.8%) PB=9.1(P87.1%)
fetch 300418: PE=-32.45(P5.1%) PB=4.53(P70.9%)
fetch 300426: PE=-6.35(P38.4%) PB=27.14(P57.5%)
fetch 300433: PE=48.47(P73.1%) PB=3.05(P57.6%)
fetch 300438: PE=52.44(P61.8%) PB=5.29(P71.0%)
fetch 300441: PE=26.91(P47.1%) PB=1.78(P2.3%)
fetch 300442: PE=19.95(P42.0%) PB=7.27(P64.6%)
fetch 300454: PE=89.39(P47.1%) PB=4.75(P22.8%)
fetch 300456: PE=14.46(P20.8%) PB=3.1(P31.6%)
fetch 300474: PE=-165.74(P5.5%) PB=4.03(P0.7%)
fetch 300476: PE=39.99(P70.5%) PB=10.75(P89.1%)
fetch 300495: PE=-0.14(P37.6%) PB=-3.59(P4.8%)
fetch 300496: PE=60.61(P18.9%) PB=2.68(P10.8%)
fetch 300498: PE=42.71(P87.3%) PB=2.37(P8.8%)
fetch 300502: PE=51.41(P45.7%) PB=27.09(P93.7%)
fetch 300529: PE=26.31(P13.3%) PB=4.15(P1.9%)
fetch 300548: PE=110.39(P75.5%) PB=19.81(P92.7%)
fetch 300552: PE=-27.58(P20.4%) PB=2.48(P26.3%)
fetch 300567: PE=613.2(P98.3%) PB=12.79(P89.1%)
fetch 300570: PE=90.73(P93.6%) PB=14.64(P86.7%)
fetch 300589: PE=-38.03(P12.3%) PB=6.87(P38.7%)
fetch 300601: PE=172.55(P83.7%) PB=1.53(P1.9%)
fetch 300612: PE=-24.88(P31.9%) PB=5.12(P7.7%)
fetch 300616: PE=-7.21(P28.8%) PB=0.77(P5.7%)
fetch 300625: PE=-47.32(P13.0%) PB=1.32(P2.9%)
fetch 300627: PE=33.74(P9.1%) PB=5.16(P13.3%)
fetch 300633: PE=48.42(P29.6%) PB=2.63(P1.9%)
fetch 300638: PE=77.91(P90.4%) PB=2.98(P3.4%)
fetch 300649: PE=-55.3(P28.0%) PB=5.29(P54.1%)
fetch 300651: PE=37.71(P13.5%) PB=2.17(P6.7%)
fetch 300655: PE=117.73(P82.4%) PB=5.15(P36.9%)
fetch 300661: PE=107.4(P57.2%) PB=12.0(P53.8%)
fetch 300665: PE=-9.03(P38.3%) PB=4.78(P86.6%)
fetch 300666: PE=101.69(P55.5%) PB=10.83(P55.6%)
fetch 300687: PE=-91.93(P2.4%) PB=3.44(P18.7%)
fetch 300691: PE=115.64(P91.7%) PB=2.07(P1.0%)
fetch 300693: PE=21.77(P10.3%) PB=4.72(P31.6%)
fetch 300701: PE=33.73(P24.0%) PB=2.55(P5.8%)
fetch 300726: PE=44.5(P61.5%) PB=3.76(P31.1%)
fetch 300738: PE=91.4(P79.4%) PB=6.01(P58.8%)
fetch 300747: PE=72.33(P53.3%) PB=5.19(P41.3%)
fetch 300748: PE=47.73(P26.7%) PB=4.62(P38.2%)
fetch 300749: PE=-324.11(P3.5%) PB=6.26(P92.3%)
fetch 300750: PE=21.52(P16.5%) PB=4.82(P27.3%)
fetch 300751: PE=61.28(P59.1%) PB=5.16(P28.9%)
fetch 300759: PE=39.92(P43.1%) PB=4.11(P31.8%)
fetch 300760: PE=24.58(P10.4%) PB=4.8(P2.8%)
fetch 300761: PE=30.65(P87.9%) PB=1.7(P6.6%)
fetch 300772: PE=28.2(P60.3%) PB=1.38(P11.5%)
fetch 300776: PE=54.35(P82.7%) PB=7.18(P56.0%)
fetch 300777: PE=48.72(P36.9%) PB=2.34(P4.2%)
fetch 300781: PE=-50.54(P17.1%) PB=8.23(P70.8%)
fetch 300782: PE=-99.99(P13.2%) PB=4.02(P10.0%)
fetch 300783: PE=38.59(P47.4%) PB=2.28(P2.7%)
fetch 300790: PE=34.18(P15.5%) PB=3.2(P33.5%)
fetch 300791: PE=45.0(P85.7%) PB=1.9(P7.1%)
fetch 300803: PE=250.68(P74.1%) PB=17.54(P66.2%)
fetch 300810: PE=-84.62(P23.3%) PB=3.61(P64.6%)
fetch 300815: PE=10.85(P17.0%) PB=1.29(P4.7%)
fetch 300832: PE=23.15(P6.2%) PB=3.96(P3.3%)
fetch 300846: PE=-63.37(P16.5%) PB=12.58(P77.0%)
fetch 300850: PE=15.22(P10.4%) PB=1.7(P14.8%)
fetch 300871: PE=14.6(P17.7%) PB=1.85(P25.9%)
fetch 300894: PE=-15.82(P18.9%) PB=4.82(P46.3%)
fetch 300895: PE=-94.09(P4.2%) PB=9.03(P90.2%)
fetch 300911: PE=-23.8(P29.6%) PB=3.62(P37.6%)
fetch 300928: PE=-16.47(P49.1%) PB=1.91(P2.8%)
fetch 300931: PE=-38.54(P14.6%) PB=4.26(P81.7%)
fetch 300945: PE=23.3(P2.0%) PB=1.73(P13.6%)
fetch 301028: PE=19.46(P12.7%) PB=2.66(P12.6%)
fetch 301048: PE=22.14(P49.0%) PB=1.65(P3.9%)
fetch 301050: PE=182.04(P95.3%) PB=2.44(P1.0%)
fetch 301056: PE=37.01(P56.0%) PB=3.19(P55.8%)
fetch 301078: PE=30.33(P2.7%) PB=2.22(P10.1%)
fetch 301116: PE=-22.5(P41.9%) PB=2.55(P14.8%)
fetch 301165: PE=184.56(P99.6%) PB=25.6(P99.6%)
fetch 301177: PE=58.05(P45.6%) PB=1.44(P11.7%)
fetch 301191: PE=116.45(P82.5%) PB=5.02(P82.3%)
fetch 301239: PE=-277.22(P4.0%) PB=2.3(P8.5%)
fetch 301267: PE=29.85(P15.8%) PB=2.54(P11.1%)
fetch 301317: PE=-47.08(P7.3%) PB=5.06(P79.4%)
fetch 301533: PE=86.17(P93.9%) PB=2.18(P9.1%)
fetch 600004: PE=15.25(P40.2%) PB=0.96(P1.2%)
fetch 600006: PE=-26.81(P7.7%) PB=1.43(P35.4%)
fetch 600008: PE=12.01(P33.4%) PB=1.02(P1.6%)
fetch 600009: PE=28.23(P59.9%) PB=1.42(P1.8%)
fetch 600010: PE=-752.41(P1.9%) PB=1.95(P69.2%)
fetch 600012: PE=15.59(P75.2%) PB=2.17(P81.3%)
fetch 600017: PE=19.5(P78.7%) PB=0.61(P3.7%)
fetch 600018: PE=9.01(P30.6%) PB=0.85(P5.1%)
fetch 600019: PE=13.17(P65.8%) PB=0.64(P12.7%)
fetch 600020: PE=13.53(P68.8%) PB=0.73(P29.8%)
fetch 600026: PE=16.77(P48.0%) PB=1.91(P80.0%)
fetch 600029: PE=30.84(P94.1%) PB=2.57(P67.9%)
fetch 600030: PE=12.49(P6.3%) PB=1.45(P45.0%)
fetch 600031: PE=22.45(P45.0%) PB=2.09(P24.1%)
fetch 600035: PE=11.31(P62.0%) PB=0.62(P1.0%)
fetch 600038: PE=45.19(P29.1%) PB=1.25(P1.5%)
fetch 600048: PE=251.07(P97.3%) PB=0.33(P1.6%)
fetch 600050: PE=16.11(P8.2%) PB=0.82(P12.3%)
fetch 600066: PE=13.06(P24.8%) PB=4.39(P86.0%)
fetch 600071: PE=146.6(P79.3%) PB=8.31(P32.1%)
fetch 600072: PE=-4.17(P20.7%) PB=1.8(P15.2%)
fetch 600079: PE=15.36(P30.8%) PB=1.51(P12.0%)
fetch 600089: PE=17.15(P83.3%) PB=1.47(P68.1%)
fetch 600096: PE=10.29(P52.5%) PB=2.09(P52.3%)
fetch 600103: PE=159.65(P90.2%) PB=1.57(P59.2%)
fetch 600104: PE=12.87(P81.4%) PB=0.43(P1.5%)
fetch 600111: PE=52.41(P33.0%) PB=5.61(P64.0%)
fetch 600115: PE=83.02(P98.2%) PB=5.86(P88.5%)
fetch 600118: PE=4001.08(P97.3%) PB=10.74(P93.8%)
fetch 600120: PE=19.18(P55.4%) PB=1.08(P43.5%)
fetch 600125: PE=13.54(P2.6%) PB=0.93(P2.1%)
fetch 600126: PE=321.79(P96.3%) PB=1.14(P67.7%)
fetch 600132: PE=18.83(P4.5%) PB=12.31(P24.8%)
fetch 600141: PE=24.13(P56.4%) PB=1.39(P47.1%)
fetch 600150: PE=22.91(P26.5%) PB=1.77(P23.5%)
fetch 600153: PE=-2.43(P1.8%) PB=0.6(P28.5%)
fetch 600158: PE=-35.68(P1.6%) PB=2.85(P4.9%)
fetch 600160: PE=25.73(P39.5%) PB=4.94(P95.1%)
fetch 600161: PE=26.09(P18.1%) PB=2.14(P1.5%)
fetch 600168: PE=41.4(P86.6%) PB=0.79(P6.4%)
fetch 600170: PE=14.86(P78.1%) PB=0.67(P5.2%)
fetch 600176: PE=39.63(P96.3%) PB=4.69(P96.9%)
fetch 600177: PE=14.15(P94.3%) PB=0.86(P32.7%)
fetch 600182: PE=19.83(P0.4%) PB=3.79(P6.3%)
fetch 600183: PE=65.32(P97.9%) PB=14.31(P98.1%)
fetch 600186: PE=41.45(P40.2%) PB=7.72(P59.6%)
fetch 600189: PE=260.89(P82.4%) PB=4.22(P74.1%)
fetch 600195: PE=50.79(P87.7%) PB=1.17(P3.0%)
fetch 600196: PE=17.84(P2.3%) PB=1.26(P1.8%)
fetch 600201: PE=134.37(P90.6%) PB=2.57(P38.3%)
fetch 600210: PE=8.85(P2.3%) PB=1.39(P35.8%)
fetch 600218: PE=49.78(P80.4%) PB=1.0(P9.6%)
fetch 600219: PE=13.12(P38.6%) PB=1.06(P76.6%)
fetch 600233: PE=13.33(P16.3%) PB=1.78(P19.7%)
fetch 600235: PE=186.96(P89.3%) PB=1.23(P10.7%)
fetch 600248: PE=-798.49(P1.4%) PB=0.39(P1.4%)
fetch 600258: PE=16.68(P24.1%) PB=1.14(P2.1%)
fetch 600259: PE=96.86(P57.5%) PB=6.64(P73.9%)
fetch 600261: PE=29.84(P88.4%) PB=1.15(P6.4%)
fetch 600266: PE=-29.47(P10.3%) PB=0.47(P17.9%)
fetch 600269: PE=8.58(P32.8%) PB=0.49(P15.9%)
fetch 600276: PE=44.21(P8.2%) PB=5.64(P3.6%)
fetch 600282: PE=10.74(P62.1%) PB=1.1(P59.1%)
fetch 600283: PE=22.12(P25.2%) PB=1.39(P0.7%)
fetch 600293: PE=-47.45(P19.4%) PB=1.83(P43.4%)
fetch 600300: PE=14.97(P14.6%) PB=1.4(P6.8%)
fetch 600305: PE=50.93(P39.8%) PB=2.28(P1.9%)
fetch 600308: PE=-47.89(P11.4%) PB=0.54(P5.5%)
fetch 600311: PE=-1.21(P93.7%) PB=-2.23(P13.7%)
fetch 600312: PE=22.75(P39.3%) PB=2.29(P82.4%)
fetch 600313: PE=128.59(P58.8%) PB=2.71(P27.5%)
fetch 600316: PE=332.97(P71.8%) PB=3.34(P55.7%)
fetch 600323: PE=11.42(P16.3%) PB=1.66(P39.4%)
fetch 600325: PE=-0.66(P9.3%) PB=0.82(P23.0%)
fetch 600346: PE=13.17(P31.7%) PB=1.66(P10.8%)
fetch 600350: PE=16.97(P98.4%) PB=1.79(P98.2%)
fetch 600354: PE=101.7(P84.0%) PB=4.16(P36.7%)
fetch 600363: PE=25.96(P12.6%) PB=2.56(P24.9%)
fetch 600366: PE=29.37(P49.2%) PB=1.9(P54.9%)
fetch 600371: PE=-123.28(P1.6%) PB=3.7(P9.8%)
fetch 600373: PE=48.75(P99.3%) PB=0.58(P1.9%)
fetch 600376: PE=-1.65(P23.8%) PB=4.4(P99.0%)
fetch 600377: PE=12.92(P48.2%) PB=1.42(P14.9%)
fetch 600378: PE=32.79(P42.3%) PB=2.77(P20.8%)
fetch 600381: PE=-33.24(P21.1%) PB=2.12(P42.8%)
fetch 600383: PE=-0.78(P18.3%) PB=0.23(P3.0%)
fetch 600389: PE=16.26(P34.2%) PB=2.18(P16.8%)
fetch 600390: PE=42.78(P89.5%) PB=0.53(P13.0%)
fetch 600392: PE=36.36(P32.8%) PB=2.82(P38.0%)
fetch 600398: PE=13.88(P61.8%) PB=1.57(P9.6%)
fetch 600399: PE=-10.03(P11.8%) PB=1.54(P16.0%)
fetch 600406: PE=23.51(P31.5%) PB=3.66(P27.5%)
fetch 600409: PE=807.58(P99.2%) PB=1.0(P36.8%)
fetch 600418: PE=-28.39(P32.8%) PB=4.71(P83.0%)
fetch 600419: PE=18.88(P9.2%) PB=1.11(P4.5%)
fetch 600428: PE=16.86(P38.0%) PB=1.81(P99.7%)
fetch 600429: PE=-32.15(P12.9%) PB=1.42(P26.8%)
fetch 600438: PE=-5.59(P18.6%) PB=1.5(P2.9%)
fetch 600449: PE=33.63(P81.0%) PB=0.85(P26.8%)
fetch 600460: PE=102.49(P51.2%) PB=3.86(P29.1%)
fetch 600461: PE=10.17(P37.8%) PB=1.17(P3.0%)
fetch 600469: PE=18.3(P64.0%) PB=1.01(P1.4%)
fetch 600482: PE=40.65(P39.4%) PB=1.48(P68.5%)
fetch 600486: PE=18.2(P36.1%) PB=1.93(P3.6%)
fetch 600489: PE=17.77(P5.1%) PB=3.4(P91.1%)
fetch 600495: PE=217.59(P69.2%) PB=1.42(P21.1%)
fetch 600498: PE=107.25(P92.3%) PB=2.56(P48.7%)
fetch 600517: PE=12.61(P1.5%) PB=1.22(P4.1%)
fetch 600521: PE=67.08(P85.5%) PB=2.61(P8.9%)
fetch 600522: PE=30.48(P85.4%) PB=2.56(P85.4%)
fetch 600528: PE=11.86(P47.1%) PB=0.64(P2.2%)
fetch 600529: PE=19.85(P19.8%) PB=1.58(P4.1%)
fetch 600530: PE=950.03(P92.7%) PB=12.3(P86.5%)
fetch 600536: PE=-891.17(P2.1%) PB=8.75(P28.6%)
fetch 600543: PE=-11.33(P48.8%) PB=1.74(P17.2%)
fetch 600547: PE=25.2(P8.1%) PB=4.06(P43.6%)
fetch 600548: PE=18.77(P85.4%) PB=0.94(P2.7%)
fetch 600549: PE=24.69(P38.2%) PB=4.08(P82.6%)
fetch 600551: PE=11.84(P19.0%) PB=0.79(P12.2%)
fetch 600552: PE=106.96(P94.5%) PB=3.29(P91.5%)
fetch 600556: PE=407.57(P87.7%) PB=2.21(P14.2%)
fetch 600563: PE=25.76(P52.8%) PB=4.89(P48.0%)
fetch 600567: PE=-5.07(P11.8%) PB=0.57(P4.5%)
fetch 600570: PE=32.42(P12.0%) PB=4.35(P4.1%)
fetch 600573: PE=29.64(P7.7%) PB=1.78(P27.6%)
fetch 600583: PE=12.76(P26.5%) PB=0.87(P15.2%)
fetch 600584: PE=71.17(P73.3%) PB=4.09(P79.1%)
fetch 600585: PE=12.6(P68.9%) PB=0.51(P1.5%)
fetch 600586: PE=-8.04(P18.6%) PB=1.2(P24.6%)
fetch 600588: PE=-27.51(P16.3%) PB=5.49(P20.4%)
fetch 600596: PE=66.39(P84.0%) PB=1.11(P27.5%)
fetch 600597: PE=-43.77(P1.5%) PB=1.06(P2.1%)
fetch 600600: PE=16.33(P1.4%) PB=2.35(P3.6%)
fetch 600612: PE=11.17(P2.5%) PB=1.37(P1.9%)
fetch 600641: PE=576.39(P100.0%) PB=2.93(P86.6%)
fetch 600643: PE=-3.26(P18.1%) PB=0.67(P17.5%)
fetch 600655: PE=-3.78(P10.5%) PB=0.6(P9.4%)
fetch 600660: PE=17.32(P24.5%) PB=3.98(P70.2%)
fetch 600685: PE=30.94(P31.7%) PB=2.07(P35.7%)
fetch 600699: PE=22.86(P37.8%) PB=1.82(P40.8%)
fetch 600703: PE=-122.71(P9.7%) PB=1.75(P16.8%)
fetch 600704: PE=7.22(P27.5%) PB=0.62(P4.0%)
fetch 600707: PE=487.09(P97.0%) PB=1.28(P66.1%)
fetch 600717: PE=12.11(P7.7%) PB=0.63(P2.6%)
fetch 600720: PE=8.49(P24.1%) PB=0.76(P1.4%)
fetch 600729: PE=13.02(P62.8%) PB=1.15(P3.0%)
fetch 600733: PE=-8.56(P36.1%) PB=6.36(P53.6%)
fetch 600741: PE=7.4(P10.1%) PB=0.78(P2.1%)
fetch 600745: PE=-2.3(P29.4%) PB=0.92(P1.9%)
fetch 600754: PE=20.25(P16.8%) PB=1.29(P1.4%)
fetch 600755: PE=36.9(P97.3%) PB=0.65(P3.8%)
fetch 600757: PE=10.49(P50.8%) PB=0.96(P33.5%)
fetch 600760: PE=37.87(P19.6%) PB=5.18(P10.8%)
fetch 600763: PE=32.67(P2.1%) PB=3.73(P1.8%)
fetch 600765: PE=37.19(P50.9%) PB=1.48(P4.5%)
fetch 600782: PE=-13.54(P12.3%) PB=0.37(P3.3%)
fetch 600787: PE=18.44(P40.1%) PB=None(PNone%)
fetch 600801: PE=14.27(P80.2%) PB=1.41(P43.6%)
fetch 600803: PE=12.64(P43.4%) PB=2.28(P25.0%)
fetch 600815: PE=-63.08(P11.6%) PB=3.55(P55.8%)
fetch 600816: PE=22.73(P68.5%) PB=1.65(P22.4%)
fetch 600819: PE=44.36(P70.9%) PB=1.34(P29.4%)
fetch 600820: PE=8.15(P50.1%) PB=0.55(P1.8%)
fetch 600827: PE=11.7(P15.6%) PB=0.7(P1.6%)
fetch 600831: PE=-1.47(P35.8%) PB=6.38(P98.6%)
fetch 600835: PE=None(PNone%) PB=1.37(P38.7%)
fetch 600845: PE=42.79(P45.8%) PB=4.65(P26.4%)
fetch 600859: PE=-268.48(P6.3%) PB=0.61(P1.6%)
fetch 600862: PE=28.24(P12.3%) PB=3.29(P13.1%)
fetch 600872: PE=25.42(P33.1%) PB=2.65(P11.4%)
fetch 600875: PE=20.36(P47.7%) PB=1.85(P88.1%)
fetch 600876: PE=-3.85(P22.7%) PB=1.6(P11.2%)
fetch 600882: PE=85.62(P34.3%) PB=2.52(P22.0%)
fetch 600884: PE=37.82(P60.9%) PB=1.27(P27.1%)
fetch 600887: PE=14.18(P5.5%) PB=2.88(P5.1%)
fetch 600888: PE=19.82(P48.8%) PB=1.09(P31.5%)
fetch 600893: PE=147.05(P89.3%) PB=2.3(P27.1%)
fetch 600894: PE=9.44(P15.6%) PB=0.76(P33.7%)
fetch 600897: PE=12.18(P5.7%) PB=1.25(P12.4%)
fetch 600901: PE=11.51(P71.0%) PB=1.46(P69.9%)
fetch 600903: PE=93.28(P71.7%) PB=2.35(P2.9%)
fetch 600916: PE=42.52(P92.7%) PB=1.77(P2.6%)
fetch 600917: PE=33.88(P68.9%) PB=1.32(P1.2%)
fetch 600927: PE=22.99(P3.3%) PB=1.44(P15.1%)
fetch 600936: PE=-57.59(P10.9%) PB=8.93(P92.3%)
fetch 600941: PE=15.55(P44.3%) PB=1.48(P33.1%)
fetch 600959: PE=71.76(P86.3%) PB=0.69(P15.0%)
fetch 600963: PE=None(PNone%) PB=0.78(P14.4%)
fetch 600966: PE=41.76(P75.6%) PB=0.88(P10.0%)
fetch 600975: PE=-4.82(P50.1%) PB=3.43(P48.0%)
fetch 600977: PE=162.85(P89.6%) PB=2.12(P37.1%)
fetch 600984: PE=-2.28(P36.7%) PB=2.85(P92.3%)
fetch 600988: PE=20.96(P15.2%) PB=5.26(P63.7%)
fetch 600996: PE=-6.38(P45.7%) PB=5.36(P93.2%)
fetch 600998: PE=12.87(P40.6%) PB=0.94(P4.0%)
fetch 600999: PE=11.49(P9.0%) PB=1.23(P26.4%)
fetch 601000: PE=13.77(P78.4%) PB=1.31(P76.7%)
fetch 601006: PE=17.28(P97.7%) PB=0.59(P1.4%)
fetch 601012: PE=-14.26(P17.4%) PB=1.95(P8.5%)
fetch 601018: PE=13.11(P3.0%) PB=0.83(P2.2%)
fetch 601019: PE=13.29(P85.5%) PB=1.0(P9.1%)
fetch 601021: PE=17.53(P33.7%) PB=2.47(P13.5%)
fetch 601022: PE=17.58(P7.0%) PB=1.73(P6.8%)
fetch 601038: PE=18.3(P40.5%) PB=1.88(P34.7%)
fetch 601058: PE=13.15(P40.1%) PB=2.08(P42.3%)
fetch 601066: PE=17.75(P7.4%) PB=2.32(P19.5%)
fetch 601069: PE=24.18(P19.4%) PB=4.41(P33.1%)
fetch 601098: PE=12.3(P23.1%) PB=1.19(P8.5%)
fetch 601100: PE=52.52(P71.3%) PB=8.13(P68.4%)
fetch 601107: PE=12.14(P47.6%) PB=1.06(P81.7%)
fetch 601111: PE=64.44(P90.6%) PB=2.91(P65.8%)
fetch 601117: PE=7.3(P3.8%) PB=0.7(P5.9%)
fetch 601126: PE=36.87(P93.7%) PB=6.12(P94.5%)
fetch 601127: PE=18.18(P54.3%) PB=2.63(P15.7%)
fetch 601138: PE=27.68(P87.9%) PB=6.39(P87.1%)
fetch 601139: PE=12.17(P1.8%) PB=1.14(P1.9%)
fetch 601155: PE=36.89(P80.2%) PB=0.41(P8.5%)
fetch 601158: PE=24.08(P67.2%) PB=1.16(P1.8%)
fetch 601163: PE=10.88(P19.4%) PB=0.75(P1.5%)
fetch 601179: PE=51.75(P75.4%) PB=2.93(P95.1%)
fetch 601186: PE=4.94(P36.4%) PB=0.31(P1.9%)
fetch 601199: PE=14.57(P24.9%) PB=1.12(P5.1%)
fetch 601211: PE=14.74(P58.1%) PB=0.99(P28.5%)
fetch 601222: PE=65.12(P98.1%) PB=0.78(P7.0%)
fetch 601228: PE=29.6(P68.5%) PB=1.09(P2.0%)
fetch 601231: PE=25.76(P60.3%) PB=2.27(P28.0%)
fetch 601233: PE=16.05(P62.4%) PB=1.32(P48.2%)
fetch 601238: PE=-6.46(P11.6%) PB=0.54(P1.4%)
fetch 601298: PE=11.19(P75.7%) PB=1.25(P54.2%)
fetch 601318: PE=7.49(P9.0%) PB=0.98(P21.2%)
fetch 601319: PE=7.65(P11.8%) PB=1.02(P27.0%)
fetch 601326: PE=12.26(P25.6%) PB=0.95(P29.1%)
fetch 601330: PE=16.3(P46.5%) PB=1.26(P25.0%)
fetch 601333: PE=14.19(P31.1%) PB=0.75(P43.2%)
fetch 601336: PE=5.34(P2.7%) PB=1.59(P40.2%)
fetch 601368: PE=33.13(P60.7%) PB=0.81(P5.9%)
fetch 601369: PE=23.91(P64.2%) PB=1.82(P55.5%)
fetch 601377: PE=16.61(P21.5%) PB=0.92(P12.4%)
fetch 601390: PE=5.33(P37.3%) PB=0.35(P1.6%)
fetch 601500: PE=28.51(P16.9%) PB=1.05(P2.5%)
fetch 601567: PE=24.46(P80.8%) PB=1.99(P44.5%)
fetch 601595: PE=131.95(P92.2%) PB=4.73(P58.4%)
fetch 601601: PE=5.77(P1.6%) PB=0.97(P10.3%)
fetch 601607: PE=10.76(P9.6%) PB=0.81(P2.5%)
fetch 601615: PE=65.93(P83.3%) PB=0.96(P19.0%)
fetch 601618: PE=41.77(P98.2%) PB=None(PNone%)
fetch 601628: PE=7.72(P6.0%) PB=1.87(P22.4%)
fetch 601633: PE=15.87(P21.6%) PB=1.63(P20.1%)
fetch 601636: PE=103.32(P97.4%) PB=1.12(P4.7%)
fetch 601668: PE=5.12(P53.9%) PB=0.39(P1.5%)
fetch 601677: PE=9.42(P26.3%) PB=1.06(P46.8%)
fetch 601688: PE=10.1(P15.9%) PB=0.99(P31.3%)
fetch 601689: PE=29.32(P29.1%) PB=3.3(P26.0%)
fetch 601698: PE=267.93(P87.2%) PB=6.67(P85.5%)
fetch 601718: PE=-18.55(P16.7%) PB=0.65(P5.6%)
fetch 601727: PE=82.84(P80.7%) PB=1.95(P70.2%)
fetch 601728: PE=18.2(P67.1%) PB=1.23(P62.8%)
fetch 601766: PE=13.09(P7.8%) PB=1.01(P12.3%)
fetch 601799: PE=17.1(P1.0%) PB=2.45(P1.0%)
fetch 601800: PE=7.67(P56.1%) PB=0.35(P1.8%)
fetch 601801: PE=14.57(P27.8%) PB=0.9(P17.6%)
fetch 601808: PE=15.82(P25.3%) PB=1.27(P4.2%)
fetch 601811: PE=9.91(P23.4%) PB=1.0(P8.2%)
fetch 601816: PE=18.8(P6.8%) PB=1.19(P9.9%)
fetch 601827: PE=11.26(P33.2%) PB=1.13(P5.6%)
fetch 601858: PE=32.13(P67.7%) PB=2.74(P58.1%)
fetch 601865: PE=25.88(P21.5%) PB=1.07(P1.1%)
fetch 601872: PE=17.14(P55.4%) PB=3.01(P97.0%)
fetch 601880: PE=24.35(P14.5%) PB=0.87(P7.4%)
fetch 601881: PE=10.77(P12.5%) PB=1.14(P13.6%)
fetch 601882: PE=22.62(P20.8%) PB=3.26(P12.2%)
fetch 601888: PE=29.45(P20.8%) PB=2.08(P1.8%)
fetch 601890: PE=23.62(P7.7%) PB=2.12(P40.1%)
fetch 601899: PE=14.2(P12.4%) PB=4.44(P83.9%)
fetch 601919: PE=9.53(P63.6%) PB=1.01(P30.1%)
fetch 601928: PE=14.9(P72.5%) PB=1.25(P29.1%)
fetch 601929: PE=-17.88(P17.2%) PB=1.75(P83.3%)
fetch 601933: PE=-12.13(P35.3%) PB=13.68(P98.4%)
fetch 601952: PE=23.7(P73.7%) PB=1.6(P2.4%)
fetch 601966: PE=16.26(P24.4%) PB=0.74(P1.4%)
fetch 601968: PE=29.53(P26.1%) PB=1.27(P1.8%)
fetch 601975: PE=11.68(P46.1%) PB=1.42(P14.5%)
fetch 601985: PE=22.64(P76.3%) PB=1.55(P26.4%)
fetch 601989: PE=46.08(P50.5%) PB=1.36(P66.3%)
fetch 603008: PE=22.0(P50.8%) PB=0.84(P0.8%)
fetch 603027: PE=31.41(P30.8%) PB=3.0(P1.9%)
fetch 603039: PE=35.45(P5.7%) PB=4.35(P5.2%)
fetch 603043: PE=16.41(P4.8%) PB=2.01(P1.9%)
fetch 603053: PE=16.93(P18.5%) PB=1.57(P1.9%)
fetch 603056: PE=285.89(P99.5%) PB=2.37(P48.7%)
fetch 603063: PE=27.42(P31.6%) PB=2.5(P41.0%)
fetch 603076: PE=92.83(P46.4%) PB=1.85(P5.0%)
fetch 603078: PE=101.13(P79.6%) PB=5.41(P77.5%)
fetch 603081: PE=62.61(P87.2%) PB=1.15(P1.0%)
fetch 603083: PE=136.89(P80.7%) PB=6.34(P81.8%)
fetch 603093: PE=20.66(P24.4%) PB=2.17(P39.7%)
fetch 603102: PE=17.54(P47.1%) PB=1.27(P8.3%)
fetch 603103: PE=-64.09(P18.1%) PB=7.19(P74.4%)
fetch 603111: PE=13.96(P38.3%) PB=1.21(P9.0%)
fetch 603118: PE=142.91(P93.7%) PB=2.25(P83.0%)
fetch 603127: PE=62.87(P41.7%) PB=3.64(P35.9%)
fetch 603156: PE=34.24(P97.7%) PB=4.93(P95.7%)
fetch 603160: PE=32.17(P14.4%) PB=2.6(P1.3%)
fetch 603179: PE=34.23(P48.4%) PB=3.65(P29.7%)
fetch 603180: PE=-83.24(P2.1%) PB=0.84(P1.2%)
fetch 603195: PE=18.12(P2.5%) PB=4.22(P2.5%)
fetch 603197: PE=32.81(P66.3%) PB=1.93(P1.5%)
fetch 603208: PE=-7.84(P22.1%) PB=1.81(P1.2%)
fetch 603209: PE=14.2(P24.2%) PB=1.26(P3.6%)
fetch 603225: PE=30.36(P88.5%) PB=1.56(P54.6%)
fetch 603228: PE=63.91(P98.9%) PB=5.47(P70.3%)
fetch 603233: PE=16.69(P5.7%) PB=2.79(P15.7%)
fetch 603236: PE=23.8(P2.2%) PB=2.61(P0.3%)
fetch 603256: PE=372.36(P93.7%) PB=41.82(P96.0%)
fetch 603259: PE=19.04(P21.2%) PB=4.55(P33.5%)
fetch 603260: PE=-12.5(P8.4%) PB=1.35(P0.5%)
fetch 603267: PE=39.94(P49.9%) PB=2.53(P19.6%)
fetch 603288: PE=30.9(P5.6%) PB=5.35(P3.4%)
fetch 603297: PE=46.33(P75.6%) PB=4.63(P41.5%)
fetch 603303: PE=36.73(P97.7%) PB=2.81(P88.6%)
fetch 603308: PE=77.23(P62.9%) PB=5.72(P93.6%)
fetch 603316: PE=-34.42(P8.6%) PB=6.17(P92.7%)
fetch 603317: PE=21.61(P5.1%) PB=3.39(P33.3%)
fetch 603321: PE=59.48(P83.8%) PB=1.42(P1.6%)
fetch 603326: PE=14.11(P21.3%) PB=1.69(P5.6%)
fetch 603338: PE=15.53(P18.2%) PB=2.52(P9.4%)
fetch 603345: PE=19.61(P23.2%) PB=1.87(P16.2%)
fetch 603359: PE=-0.9(P36.2%) PB=0.7(P12.3%)
fetch 603363: PE=-49.83(P2.3%) PB=2.48(P16.6%)
fetch 603365: PE=11.5(P22.3%) PB=1.5(P33.7%)
fetch 603366: PE=30.6(P57.5%) PB=1.3(P53.5%)
fetch 603368: PE=9.54(P28.3%) PB=0.78(P1.4%)
fetch 603379: PE=16.99(P6.7%) PB=4.27(P81.7%)
fetch 603392: PE=-99.6(P28.3%) PB=3.27(P2.2%)
fetch 603416: PE=29.8(P56.3%) PB=2.84(P23.2%)
fetch 603444: PE=13.83(P11.4%) PB=4.67(P32.0%)
fetch 603456: PE=19.69(P15.2%) PB=1.44(P7.8%)
fetch 603477: PE=-16.74(P30.5%) PB=3.01(P34.5%)
fetch 603501: PE=30.29(P14.5%) PB=3.4(P0.6%)
fetch 603505: PE=42.17(P42.0%) PB=7.12(P37.3%)
fetch 603508: PE=14.97(P26.4%) PB=2.12(P53.5%)
fetch 603515: PE=14.15(P12.0%) PB=1.8(P3.4%)
fetch 603517: PE=-27.31(P1.7%) PB=1.09(P1.7%)
fetch 603565: PE=11.43(P60.2%) PB=2.07(P37.0%)
fetch 603566: PE=20.81(P2.6%) PB=1.36(P1.2%)
fetch 603568: PE=16.18(P21.6%) PB=2.05(P0.7%)
fetch 603587: PE=19.76(P81.9%) PB=1.47(P4.0%)
fetch 603588: PE=15.79(P6.7%) PB=1.87(P33.1%)
fetch 603596: PE=17.94(P1.2%) PB=2.91(P2.4%)
fetch 603599: PE=14.91(P50.5%) PB=0.95(P1.8%)
fetch 603601: PE=247.28(P92.3%) PB=3.37(P42.7%)
fetch 603606: PE=24.92(P22.7%) PB=3.99(P21.3%)
fetch 603609: PE=-99.85(P3.4%) PB=0.89(P1.1%)
fetch 603616: PE=-80.31(P16.8%) PB=8.97(P90.8%)
fetch 603619: PE=32.28(P78.3%) PB=2.3(P27.3%)
fetch 603638: PE=38.94(P16.4%) PB=4.74(P28.3%)
fetch 603650: PE=57.1(P59.7%) PB=7.73(P67.8%)
fetch 603658: PE=18.29(P4.3%) PB=2.06(P1.9%)
fetch 603660: PE=-9.04(P36.1%) PB=7.47(P86.0%)
fetch 603678: PE=76.42(P92.1%) PB=3.14(P33.4%)
fetch 603685: PE=181.37(P86.4%) PB=3.23(P87.3%)
fetch 603696: PE=95.41(P75.8%) PB=5.46(P73.6%)
fetch 603706: PE=15.11(P7.6%) PB=1.95(P39.8%)
fetch 603711: PE=22.63(P27.8%) PB=1.31(P1.0%)
fetch 603718: PE=-5.9(P14.5%) PB=2.1(P3.1%)
fetch 603719: PE=-59.38(P2.0%) PB=1.85(P6.0%)
fetch 603727: PE=-235.75(P3.0%) PB=1.63(P64.0%)
fetch 603728: PE=305.65(P88.1%) PB=6.96(P64.9%)
fetch 603737: PE=26.71(P14.2%) PB=6.91(P23.8%)
fetch 603739: PE=36.48(P25.9%) PB=1.58(P3.8%)
fetch 603755: PE=25.2(P0.6%) PB=2.81(P2.4%)
fetch 603777: PE=-23.6(P27.8%) PB=2.84(P61.6%)
fetch 603786: PE=22.09(P1.3%) PB=2.97(P1.3%)
fetch 603789: PE=-15.49(P49.0%) PB=15.0(P98.9%)
fetch 603800: PE=441.78(P95.3%) PB=13.27(P95.9%)
fetch 603801: PE=36.95(P91.1%) PB=0.8(P1.1%)
fetch 603806: PE=56.25(P88.6%) PB=2.36(P10.5%)
fetch 603816: PE=11.71(P4.6%) PB=1.87(P1.4%)
fetch 603826: PE=-307.43(P2.9%) PB=6.84(P36.0%)
fetch 603833: PE=11.5(P4.5%) PB=1.15(P1.5%)
fetch 603859: PE=47.45(P63.8%) PB=3.39(P59.4%)
fetch 603866: PE=27.53(P36.3%) PB=1.32(P1.5%)
fetch 603876: PE=32.42(P68.5%) PB=2.64(P66.9%)
fetch 603877: PE=31.8(P69.2%) PB=1.44(P5.3%)
fetch 603881: PE=150.08(P84.8%) PB=6.22(P54.8%)
fetch 603883: PE=24.61(P24.2%) PB=1.43(P2.6%)
fetch 603885: PE=21.15(P52.5%) PB=2.32(P18.7%)
fetch 603893: PE=68.57(P15.4%) PB=16.85(P68.7%)
fetch 603898: PE=-323.95(P2.5%) PB=1.02(P13.1%)
fetch 603916: PE=33.14(P77.3%) PB=0.99(P18.8%)
fetch 603938: PE=148.03(P97.0%) PB=5.37(P80.7%)
fetch 603939: PE=15.94(P3.3%) PB=2.31(P3.0%)
fetch 603986: PE=92.42(P47.8%) PB=10.51(P56.6%)
fetch 603989: PE=37.04(P82.1%) PB=2.46(P24.2%)
fetch 605006: PE=-685.29(P9.3%) PB=3.3(P85.0%)
fetch 605020: PE=19.99(P2.6%) PB=2.71(P25.8%)
fetch 605089: PE=37.49(P32.3%) PB=2.13(P4.9%)
fetch 605099: PE=18.55(P24.5%) PB=3.96(P36.7%)
fetch 605118: PE=42.31(P49.9%) PB=7.16(P79.0%)
fetch 605179: PE=144.64(P68.2%) PB=6.75(P73.1%)
fetch 605266: PE=17.18(P36.1%) PB=0.96(P2.5%)
fetch 605286: PE=27.34(P49.1%) PB=1.71(P0.6%)
fetch 605296: PE=-29.1(P21.4%) PB=3.66(P84.1%)
fetch 605299: PE=44.33(P57.7%) PB=3.65(P53.0%)
fetch 605336: PE=-30.31(P4.1%) PB=1.05(P6.1%)
fetch 605337: PE=20.52(P18.4%) PB=2.26(P7.6%)
fetch 605358: PE=-528.73(P4.4%) PB=4.1(P58.6%)
fetch 605365: PE=41.44(P92.8%) PB=1.74(P1.2%)
fetch 605368: PE=20.52(P88.9%) PB=1.46(P2.3%)
fetch 605388: PE=-19.38(P18.2%) PB=2.43(P28.6%)
fetch 605499: PE=20.33(P2.4%) PB=5.12(P3.6%)
fetch 605567: PE=45.79(P49.7%) PB=1.52(P8.5%)
fetch 605599: PE=10.87(P4.5%) PB=2.6(P45.8%)
fetch 688002: PE=45.73(P29.6%) PB=9.37(P69.9%)
fetch 688008: PE=97.78(P73.0%) PB=12.0(P74.7%)
fetch 688010: PE=270.76(P79.9%) PB=2.29(P40.4%)
fetch 688012: PE=120.74(P66.9%) PB=13.55(P71.6%)
fetch 688015: PE=18.72(P22.8%) PB=1.08(P1.8%)
fetch 688016: PE=19.57(P4.8%) PB=2.73(P3.9%)
fetch 688018: PE=42.17(P2.8%) PB=5.12(P26.8%)
fetch 688019: PE=65.66(P50.8%) PB=11.77(P61.4%)
fetch 688023: PE=-67.15(P25.6%) PB=1.81(P9.4%)
fetch 688025: PE=77.62(P67.9%) PB=10.99(P95.0%)
fetch 688036: PE=26.59(P59.4%) PB=3.49(P9.4%)
fetch 688037: PE=839.02(P98.4%) PB=21.13(P88.2%)
fetch 688055: PE=-57.7(P41.0%) PB=3.18(P46.6%)
fetch 688063: PE=73.56(P47.4%) PB=1.16(P14.1%)
fetch 688072: PE=117.56(P72.0%) PB=26.67(P96.0%)
fetch 688080: PE=18.39(P4.4%) PB=2.13(P3.8%)
fetch 688082: PE=104.65(P78.1%) PB=9.62(P86.2%)
fetch 688083: PE=268.33(P53.4%) PB=3.09(P3.9%)
fetch 688088: PE=50.95(P0.9%) PB=4.83(P21.7%)
fetch 688098: PE=-179.81(P6.8%) PB=2.49(P51.2%)
fetch 688099: PE=48.05(P47.7%) PB=5.47(P34.0%)
fetch 688100: PE=21.81(P1.3%) PB=4.16(P7.5%)
fetch 688106: PE=149.84(P95.4%) PB=4.11(P56.6%)
fetch 688111: PE=34.47(P3.9%) PB=8.27(P5.4%)
fetch 688120: PE=115.83(P94.1%) PB=16.47(P93.4%)
fetch 688126: PE=-43.55(P47.4%) PB=4.61(P49.6%)
fetch 688127: PE=50.9(P42.3%) PB=10.31(P90.3%)
fetch 688138: PE=45.43(P22.4%) PB=3.07(P3.6%)
fetch 688147: PE=256.56(P77.6%) PB=13.66(P85.0%)
fetch 688158: PE=-543.55(P7.8%) PB=5.85(P78.1%)
fetch 688159: PE=74.71(P64.4%) PB=3.0(P35.0%)
fetch 688160: PE=133.64(P77.7%) PB=7.6(P69.7%)
fetch 688172: PE=-156.68(P29.4%) PB=3.93(P94.2%)
fetch 688181: PE=56.42(P81.0%) PB=2.21(P54.1%)
fetch 688187: PE=15.31(P1.7%) PB=1.46(P9.0%)
fetch 688201: PE=72.12(P76.9%) PB=1.73(P5.3%)
fetch 688202: PE=-71.46(P3.8%) PB=5.02(P40.0%)
fetch 688205: PE=240.16(P80.3%) PB=7.86(P80.5%)
fetch 688223: PE=-6.51(P26.7%) PB=1.79(P5.8%)
fetch 688249: PE=133.74(P92.4%) PB=3.78(P95.2%)
fetch 688268: PE=129.74(P91.8%) PB=8.63(P86.4%)
fetch 688271: PE=50.16(P21.0%) PB=4.34(P6.9%)
fetch 688276: PE=-23.09(P12.1%) PB=1.6(P2.9%)
fetch 688286: PE=132.53(P64.8%) PB=2.84(P30.0%)
fetch 688305: PE=79.87(P47.0%) PB=3.75(P3.0%)
fetch 688316: PE=-38.08(P11.2%) PB=41.19(P78.1%)
fetch 688320: PE=-40.4(P24.1%) PB=3.62(P28.5%)
fetch 688326: PE=192.46(P87.5%) PB=2.08(P19.1%)
fetch 688347: PE=837.85(P79.0%) PB=9.14(P95.7%)
fetch 688361: PE=2.16(P20.7%) PB=24.06(P84.4%)
fetch 688375: PE=95.82(P76.7%) PB=6.68(P63.3%)
fetch 688395: PE=40.67(P59.9%) PB=2.2(P21.6%)
fetch 688396: PE=79.49(P66.8%) PB=3.12(P31.4%)
fetch 688409: PE=706.78(P96.0%) PB=11.18(P94.7%)
fetch 688418: PE=-52.86(P29.8%) PB=7.33(P82.1%)
fetch 688439: PE=57.69(P52.5%) PB=1.57(P0.9%)
fetch 688448: PE=482.48(P94.3%) PB=4.54(P89.2%)
fetch 688489: PE=-116.73(P20.9%) PB=2.08(P22.6%)
fetch 688498: PE=381.88(P58.3%) PB=53.85(P94.7%)
fetch 688518: PE=37.89(P32.9%) PB=1.91(P20.8%)
fetch 688526: PE=15.58(P3.5%) PB=1.41(P3.5%)
fetch 688533: PE=19.6(P5.7%) PB=1.98(P1.4%)
fetch 688538: PE=-17.28(P54.0%) PB=4.4(P93.5%)
fetch 688558: PE=22.28(P23.8%) PB=2.08(P24.0%)
fetch 688559: PE=-15.93(P14.0%) PB=4.38(P51.0%)
fetch 688561: PE=-14.66(P69.7%) PB=2.61(P24.9%)
fetch 688567: PE=-16.97(P77.5%) PB=1.36(P8.2%)
fetch 688582: PE=57.91(P1.0%) PB=6.11(P14.3%)
fetch 688592: PE=134.06(P74.8%) PB=2.67(P41.8%)
fetch 688596: PE=189.51(P98.7%) PB=3.99(P78.0%)
fetch 688599: PE=-5.3(P26.0%) PB=1.56(P19.8%)
fetch 688608: PE=59.58(P25.4%) PB=4.1(P50.6%)
fetch 688617: PE=37.12(P3.8%) PB=10.84(P19.6%)
fetch 688660: PE=-10.73(P38.0%) PB=2.96(P80.3%)
fetch 688676: PE=44.48(P62.4%) PB=5.72(P65.2%)
fetch 688697: PE=26.64(P67.9%) PB=4.31(P60.0%)
fetch 688698: PE=40.26(P63.1%) PB=4.28(P35.4%)
fetch 688739: PE=144.37(P96.9%) PB=0.89(P2.6%)
fetch 688777: PE=186.02(P97.9%) PB=7.34(P51.4%)
fetch 688981: PE=210.37(P90.2%) PB=7.09(P91.4%)
fetch 920087: PE=173.33(P89.7%) PB=2.9(P34.1%)
fetch 920491: PE=37.58(P60.1%) PB=2.92(P54.6%)
幂等重写完成 filled=1059 skip=7
skip 样例: [('berkshire-aero-chain-300114.html', 'no-data'), ('berkshire-construction-chain-601618.html', 'no-data'), ('berkshire-elevator-chain-600835.html', 'no-data'), ('berkshire-express-chain-600787.html', 'no-data'), ('berkshire-home-supplies-chain-002293.html', 'no-data')]
