目标页 1066 / 唯一代码 989
fetch 000002: PE=-0.45(P17.6%) PB=0.36(P9.2%)
fetch 000008: PE=-7.76(P29.5%) PB=2.96(P80.2%)
fetch 000012: PE=1071.86(P98.1%) PB=0.92(P0.7%)
fetch 000019: PE=32.32(P86.6%) PB=1.39(P2.7%)
fetch 000028: PE=11.74(P32.8%) PB=0.68(P1.6%)
fetch 000035: PE=41.39(P62.8%) PB=1.11(P28.5%)
fetch 000049: PE=28.94(P84.3%) PB=1.38(P9.2%)
fetch 000050: PE=-230.27(P2.3%) PB=0.58(P0.8%)
fetch 000063: PE=35.6(P87.1%) PB=2.08(P20.4%)
fetch 000089: PE=22.38(P27.4%) PB=1.17(P5.5%)
fetch 000100: PE=19.4(P39.8%) PB=1.57(P39.1%)
fetch 000157: PE=15.43(P44.7%) PB=1.15(P65.4%)
fetch 000166: PE=11.9(P3.3%) PB=1.03(P3.8%)
fetch 000301: PE=64.22(P75.5%) PB=2.27(P68.3%)
fetch 000400: PE=21.84(P33.9%) PB=1.91(P43.5%)
fetch 000401: PE=99.84(P96.9%) PB=0.37(P1.2%)
fetch 000407: PE=20.89(P32.1%) PB=1.11(P18.9%)
fetch 000408: PE=26.76(P54.3%) PB=7.1(P91.2%)
fetch 000411: PE=11.12(P8.1%) PB=0.99(P1.0%)
fetch 000415: PE=-162.53(P1.0%) PB=0.91(P77.0%)
fetch 000422: PE=14.94(P50.1%) PB=2.29(P45.4%)
fetch 000425: PE=16.29(P56.6%) PB=1.72(P86.5%)
fetch 000429: PE=18.68(P92.6%) PB=2.59(P94.7%)
fetch 000488: PE=-0.78(P22.6%) PB=13.77(P98.2%)
fetch 000513: PE=14.02(P11.6%) PB=1.9(P3.7%)
fetch 000516: PE=-37.04(P20.4%) PB=2.89(P34.9%)
fetch 000525: PE=-15.0(P21.6%) PB=2.45(P54.3%)
fetch 000528: PE=11.59(P27.8%) PB=0.95(P33.7%)
fetch 000541: PE=43.49(P93.4%) PB=1.11(P2.3%)
fetch 000558: PE=-96.28(P18.7%) PB=4.07(P65.4%)
fetch 000563: PE=11.08(P1.2%) PB=0.86(P5.6%)
fetch 000570: PE=42.34(P34.3%) PB=0.98(P6.0%)
fetch 000589: PE=9.27(P38.6%) PB=0.74(P2.2%)
fetch 000590: PE=-46.76(P23.5%) PB=3.55(P47.3%)
fetch 000598: PE=10.91(P37.8%) PB=1.09(P20.5%)
fetch 000599: PE=-52.96(P3.1%) PB=2.13(P83.2%)
fetch 000617: PE=19.69(P80.4%) PB=0.85(P33.8%)
fetch 000625: PE=25.26(P74.7%) PB=1.01(P17.8%)
fetch 000627: PE=-10.04(P22.3%) PB=0.36(P1.9%)
fetch 000629: PE=371.36(P97.7%) PB=2.3(P28.7%)
fetch 000636: PE=190.14(P97.1%) PB=4.68(P93.3%)
fetch 000639: PE=-1.3(P37.1%) PB=0.99(P9.0%)
fetch 000659: PE=-32.65(P38.6%) PB=35.93(P97.5%)
fetch 000661: PE=-781.96(P1.0%) PB=1.47(P2.7%)
fetch 000665: PE=-3.91(P62.0%) PB=1.35(P75.9%)
fetch 000672: PE=20.62(P85.0%) PB=1.34(P28.9%)
fetch 000680: PE=13.31(P23.8%) PB=2.62(P91.1%)
fetch 000682: PE=15.51(P0.5%) PB=2.59(P45.8%)
fetch 000685: PE=7.57(P1.2%) PB=0.85(P43.8%)
fetch 000703: PE=27.86(P77.3%) PB=2.32(P84.7%)
fetch 000708: PE=12.49(P45.4%) PB=1.7(P45.3%)
fetch 000713: PE=76.41(P48.3%) PB=1.46(P9.6%)
fetch 000719: PE=9.54(P46.5%) PB=1.06(P58.8%)
fetch 000725: PE=33.37(P56.2%) PB=1.46(P56.9%)
fetch 000729: PE=20.33(P7.1%) PB=2.3(P89.6%)
fetch 000733: PE=23.01(P22.2%) PB=1.43(P7.1%)
fetch 000739: PE=26.02(P40.1%) PB=3.53(P51.3%)
fetch 000752: PE=14.55(P45.0%) PB=3.39(P37.6%)
fetch 000768: PE=52.57(P1.2%) PB=2.59(P6.2%)
fetch 000776: PE=10.6(P3.0%) PB=1.2(P50.1%)
fetch 000777: PE=41.59(P51.4%) PB=2.66(P11.9%)
fetch 000789: PE=-122.39(P1.8%) PB=0.5(P1.5%)
fetch 000792: PE=14.23(P59.4%) PB=3.3(P64.4%)
fetch 000795: PE=37.39(P8.2%) PB=3.44(P65.1%)
fetch 000802: PE=-13.13(P29.3%) PB=4.52(P96.9%)
fetch 000807: PE=10.59(P27.5%) PB=2.58(P77.3%)
fetch 000811: PE=56.49(P98.6%) PB=5.08(P98.6%)
fetch 000816: PE=-49.51(P31.2%) PB=1.89(P41.5%)
fetch 000823: PE=34.0(P84.0%) PB=1.52(P50.9%)
fetch 000825: PE=-177.89(P1.6%) PB=0.63(P17.6%)
fetch 000831: PE=210.9(P73.2%) PB=10.17(P75.8%)
fetch 000837: PE=188.05(P71.3%) PB=1.9(P40.5%)
fetch 000848: PE=14.06(P15.3%) PB=2.5(P8.6%)
fetch 000852: PE=-3578.77(P1.9%) PB=1.59(P1.4%)
fetch 000876: PE=-10.08(P20.9%) PB=1.67(P22.6%)
fetch 000877: PE=-3.73(P18.5%) PB=0.37(P1.1%)
fetch 000880: PE=37.48(P50.5%) PB=4.57(P86.0%)
fetch 000881: PE=-21.37(P14.4%) PB=1.21(P23.9%)
fetch 000895: PE=17.69(P46.8%) PB=4.11(P16.7%)
fetch 000898: PE=-3.9(P34.9%) PB=0.46(P25.6%)
fetch 000900: PE=14.49(P82.9%) PB=0.51(P4.0%)
fetch 000925: PE=-101.26(P19.7%) PB=1.43(P12.4%)
fetch 000927: PE=30.58(P66.2%) PB=1.55(P30.9%)
fetch 000929: PE=-13.07(P71.8%) PB=4.3(P91.2%)
fetch 000932: PE=12.14(P82.5%) PB=0.49(P2.5%)
fetch 000935: PE=67.93(P82.6%) PB=2.09(P29.1%)
fetch 000938: PE=45.23(P67.4%) PB=6.19(P97.5%)
fetch 000959: PE=35.84(P85.2%) PB=0.6(P25.9%)
fetch 000963: PE=14.77(P6.8%) PB=2.01(P1.5%)
fetch 000967: PE=41.11(P78.0%) PB=1.39(P52.9%)
fetch 000970: PE=153.5(P90.3%) PB=2.27(P39.5%)
fetch 000975: PE=17.5(P2.3%) PB=3.96(P73.9%)
fetch 000987: PE=9.4(P6.7%) PB=1.17(P21.1%)
fetch 000988: PE=53.9(P80.7%) PB=7.84(P94.7%)
fetch 000998: PE=334.0(P95.6%) PB=1.83(P1.9%)
fetch 001201: PE=-8.4(P60.5%) PB=0.95(P2.1%)
fetch 001205: PE=22.86(P49.1%) PB=1.16(P1.3%)
fetch 001213: PE=42.47(P67.7%) PB=0.83(P2.8%)
fetch 001215: PE=45.86(P50.5%) PB=1.6(P17.3%)
fetch 001236: PE=501.96(P61.8%) PB=4.1(P9.2%)
fetch 001337: PE=25.72(P2.7%) PB=7.77(P55.3%)
fetch 001338: PE=21.9(P47.0%) PB=1.16(P2.1%)
fetch 001872: PE=11.84(P36.4%) PB=0.84(P51.4%)
fetch 001979: PE=102.5(P98.5%) PB=0.65(P1.1%)
fetch 002007: PE=28.7(P25.9%) PB=2.1(P1.6%)
fetch 002008: PE=42.42(P80.3%) PB=4.08(P46.5%)
fetch 002027: PE=22.54(P53.5%) PB=5.25(P20.1%)
fetch 002028: PE=36.06(P78.5%) PB=7.48(P93.2%)
fetch 002032: PE=17.76(P8.8%) PB=5.3(P8.5%)
fetch 002034: PE=10.2(P13.8%) PB=1.01(P11.9%)
fetch 002035: PE=13.96(P39.0%) PB=1.07(P1.2%)
fetch 002036: PE=-6.55(P32.3%) PB=7.54(P94.0%)
fetch 002037: PE=-3.63(P33.0%) PB=3.08(P96.9%)
fetch 002041: PE=75.61(P48.0%) PB=2.06(P10.1%)
fetch 002043: PE=15.04(P43.1%) PB=3.27(P40.8%)
fetch 002044: PE=57.63(P38.6%) PB=2.23(P5.3%)
fetch 002047: PE=69.38(P94.9%) PB=112.87(P94.8%)
fetch 002049: PE=33.02(P15.5%) PB=3.92(P3.1%)
fetch 002056: PE=18.43(P42.7%) PB=2.97(P40.4%)
fetch 002064: PE=27.37(P90.8%) PB=1.98(P44.6%)
fetch 002067: PE=61.3(P78.4%) PB=0.92(P57.5%)
fetch 002074: PE=22.59(P23.7%) PB=1.8(P29.4%)
fetch 002078: PE=12.52(P47.6%) PB=1.31(P10.3%)
fetch 002079: PE=65.15(P58.3%) PB=2.48(P9.3%)
fetch 002080: PE=36.18(P82.9%) PB=3.47(P86.5%)
fetch 002081: PE=23.89(P97.0%) PB=0.7(P18.2%)
fetch 002083: PE=22.14(P92.3%) PB=2.18(P94.8%)
fetch 002097: PE=110.29(P82.1%) PB=1.65(P54.0%)
fetch 002100: PE=-97.53(P2.5%) PB=1.43(P29.0%)
fetch 002120: PE=14.94(P19.8%) PB=0.94(P2.1%)
fetch 002121: PE=-31.42(P18.1%) PB=23.38(P95.9%)
fetch 002124: PE=-2.27(P38.0%) PB=2.93(P64.2%)
fetch 002129: PE=-3.97(P9.8%) PB=1.79(P29.0%)
fetch 002131: PE=-667.39(P2.2%) PB=2.23(P68.8%)
fetch 002138: PE=33.48(P36.1%) PB=5.09(P78.8%)
fetch 002151: PE=-71.04(P5.9%) PB=3.14(P31.2%)
fetch 002154: PE=13.87(P49.1%) PB=1.16(P2.5%)
fetch 002155: PE=20.02(P0.5%) PB=4.02(P87.7%)
fetch 002156: PE=58.64(P46.8%) PB=5.42(P95.3%)
fetch 002157: PE=-23.79(P10.3%) PB=2.58(P61.4%)
fetch 002158: PE=26.0(P61.3%) PB=2.87(P30.8%)
fetch 002160: PE=56.84(P76.1%) PB=1.02(P26.9%)
fetch 002171: PE=37.84(P63.2%) PB=1.66(P24.1%)
fetch 002174: PE=-40.35(P10.7%) PB=2.39(P37.5%)
fetch 002179: PE=36.51(P55.4%) PB=2.84(P0.4%)
fetch 002191: PE=-14.14(P13.5%) PB=0.85(P8.1%)
fetch 002201: PE=54.51(P8.9%) PB=4.13(P39.7%)
fetch 002202: PE=24.43(P82.5%) PB=1.91(P58.7%)
fetch 002203: PE=38.22(P94.1%) PB=2.32(P65.0%)
fetch 002205: PE=-19.14(P28.2%) PB=6.93(P91.8%)
fetch 002212: PE=177.19(P83.0%) PB=0.78(P7.1%)
fetch 002216: PE=19.47(P34.6%) PB=2.42(P19.8%)
fetch 002219: PE=273.41(P93.8%) PB=3.57(P24.5%)
fetch 002223: PE=21.83(P47.6%) PB=2.06(P2.1%)
fetch 002226: PE=17.65(P28.6%) PB=1.36(P32.8%)
fetch 002228: PE=39.07(P76.2%) PB=1.23(P24.1%)
fetch 002230: PE=110.99(P41.5%) PB=5.08(P6.0%)
fetch 002233: PE=21.96(P93.2%) PB=0.75(P12.6%)
fetch 002234: PE=-9.07(P45.0%) PB=1.41(P6.4%)
fetch 002236: PE=13.54(P13.8%) PB=1.37(P2.9%)
fetch 002237: PE=28.2(P52.7%) PB=1.39(P13.3%)
fetch 002241: PE=20.61(P19.6%) PB=2.19(P26.8%)
fetch 002242: PE=70.98(P94.0%) PB=2.02(P3.0%)
fetch 002244: PE=15.1(P83.4%) PB=0.97(P41.6%)
fetch 002245: PE=33.77(P41.6%) PB=3.3(P61.3%)
fetch 002248: PE=75.16(P54.0%) PB=22.22(P35.8%)
fetch 002254: PE=207.36(P97.4%) PB=1.34(P18.2%)
fetch 002258: PE=29.38(P83.0%) PB=1.62(P30.9%)
fetch 002262: PE=20.88(P39.0%) PB=2.68(P5.9%)
fetch 002267: PE=16.58(P44.9%) PB=1.17(P16.4%)
fetch 002268: PE=326.57(P95.1%) PB=2.17(P3.6%)
fetch 002271: PE=88.37(P96.3%) PB=1.39(P16.0%)
fetch 002273: PE=28.65(P19.7%) PB=3.37(P55.3%)
fetch 002281: PE=121.72(P97.8%) PB=12.2(P97.8%)
fetch 002293: PE=17.03(P65.0%) PB=2.18(P48.0%)
fetch 002294: PE=54.63(P53.6%) PB=4.04(P34.6%)
fetch 002295: PE=-37.7(P2.3%) PB=1.53(P55.7%)
fetch 002299: PE=13.97(P21.3%) PB=1.81(P11.8%)
fetch 002302: PE=-8.35(P12.3%) PB=0.76(P4.0%)
fetch 002310: PE=-176.11(P1.4%) PB=6.24(P87.1%)
fetch 002311: PE=20.99(P19.3%) PB=3.21(P3.8%)
fetch 002313: PE=-15.23(P29.8%) PB=37.35(P86.7%)
fetch 002318: PE=13.17(P16.0%) PB=2.19(P19.0%)
fetch 002321: PE=-62.22(P18.3%) PB=4.26(P64.8%)
fetch 002325: PE=-0.48(P64.4%) PB=0.44(P1.6%)
fetch 002326: PE=354.93(P97.4%) PB=6.13(P75.5%)
fetch 002327: PE=15.96(P76.3%) PB=1.46(P1.2%)
fetch 002329: PE=-5.71(P48.2%) PB=5.16(P96.6%)
fetch 002330: PE=-218.36(P5.3%) PB=1.03(P4.4%)
fetch 002334: PE=36.54(P78.0%) PB=1.71(P3.6%)
fetch 002335: PE=48.95(P59.4%) PB=3.22(P52.4%)
fetch 002343: PE=-68.12(P8.2%) PB=2.37(P25.9%)
fetch 002345: PE=16.63(P37.1%) PB=2.36(P71.8%)
fetch 002352: PE=16.21(P2.3%) PB=1.84(P3.8%)
fetch 002353: PE=45.92(P74.0%) PB=5.48(P97.3%)
fetch 002360: PE=-1.71(P12.4%) PB=2.08(P54.3%)
fetch 002365: PE=106.04(P77.0%) PB=1.84(P52.0%)
fetch 002366: PE=-159.11(P12.0%) PB=2.54(P45.6%)
fetch 002367: PE=14.01(P11.4%) PB=1.14(P1.9%)
fetch 002368: PE=-9.69(P2.2%) PB=2.16(P2.7%)
fetch 002371: PE=86.95(P37.9%) PB=12.34(P77.3%)
fetch 002373: PE=239.21(P94.1%) PB=1.06(P4.0%)
fetch 002375: PE=14.22(P11.1%) PB=0.56(P4.0%)
fetch 002383: PE=-30.91(P20.9%) PB=3.3(P51.0%)
fetch 002384: PE=145.26(P91.4%) PB=13.09(P97.3%)
fetch 002385: PE=-13.66(P26.7%) PB=1.75(P8.3%)
fetch 002387: PE=-3.89(P61.8%) PB=3.71(P80.6%)
fetch 002391: PE=62.49(P98.4%) PB=0.8(P13.4%)
fetch 002395: PE=19.11(P20.2%) PB=2.02(P0.4%)
fetch 002396: PE=45.99(P99.3%) PB=2.65(P39.9%)
fetch 002397: PE=46.85(P45.1%) PB=2.04(P40.9%)
fetch 002398: PE=58.99(P88.1%) PB=0.74(P4.5%)
fetch 002400: PE=138.0(P90.3%) PB=2.19(P64.8%)
fetch 002405: PE=139.38(P67.0%) PB=1.76(P7.3%)
fetch 002409: PE=64.75(P54.7%) PB=8.05(P97.0%)
fetch 002410: PE=36.95(P2.5%) PB=2.49(P1.5%)
fetch 002415: PE=19.86(P9.8%) PB=3.87(P20.4%)
fetch 002419: PE=63.7(P80.2%) PB=1.23(P6.3%)
fetch 002422: PE=43.32(P80.3%) PB=2.76(P80.7%)
fetch 002423: PE=21.15(P59.0%) PB=0.9(P15.2%)
fetch 002431: PE=-2.01(P67.9%) PB=7.83(P97.9%)
fetch 002436: PE=326.11(P97.4%) PB=8.82(P97.3%)
fetch 002438: PE=22.38(P20.8%) PB=1.65(P9.3%)
fetch 002439: PE=-30.98(P11.8%) PB=1.49(P4.0%)
fetch 002452: PE=18.04(P31.2%) PB=2.38(P67.3%)
fetch 002456: PE=-167.35(P11.8%) PB=6.52(P67.6%)
fetch 002457: PE=25.66(P52.3%) PB=1.3(P24.6%)
fetch 002458: PE=25.97(P55.0%) PB=2.61(P20.9%)
fetch 002459: PE=-6.16(P22.3%) PB=1.2(P4.0%)
fetch 002461: PE=21.2(P1.2%) PB=1.75(P29.8%)
fetch 002463: PE=43.19(P82.5%) PB=11.07(P95.8%)
fetch 002465: PE=-29.29(P9.6%) PB=2.12(P19.0%)
fetch 002468: PE=13.55(P23.7%) PB=1.89(P34.1%)
fetch 002475: PE=26.18(P31.7%) PB=5.1(P37.9%)
fetch 002482: PE=-39.18(P10.7%) PB=10.37(P76.2%)
fetch 002484: PE=68.95(P94.3%) PB=7.35(P98.2%)
fetch 002487: PE=22.54(P19.0%) PB=3.38(P74.8%)
fetch 002489: PE=23.21(P60.3%) PB=1.26(P0.4%)
fetch 002493: PE=40.64(P73.3%) PB=2.69(P32.4%)
fetch 002497: PE=22.79(P30.4%) PB=1.84(P24.4%)
fetch 002507: PE=18.31(P7.4%) PB=1.56(P2.2%)
fetch 002508: PE=12.78(P17.1%) PB=1.32(P1.5%)
fetch 002511: PE=27.1(P11.4%) PB=1.73(P11.4%)
fetch 002517: PE=16.27(P34.7%) PB=3.4(P36.3%)
fetch 002520: PE=-31.56(P4.0%) PB=13.51(P91.1%)
fetch 002523: PE=40.38(P6.2%) PB=1.87(P42.1%)
fetch 002531: PE=-49.27(P7.3%) PB=1.31(P2.3%)
fetch 002540: PE=16.69(P47.6%) PB=1.11(P4.4%)
fetch 002543: PE=43.09(P98.6%) PB=1.03(P1.2%)
fetch 002548: PE=-6.9(P40.9%) PB=2.97(P74.6%)
fetch 002554: PE=-8.66(P31.9%) PB=1.94(P55.7%)
fetch 002555: PE=13.23(P13.3%) PB=2.94(P14.1%)
fetch 002557: PE=25.71(P58.3%) PB=1.93(P1.4%)
fetch 002558: PE=21.15(P25.0%) PB=3.22(P42.3%)
fetch 002559: PE=53.61(P68.9%) PB=3.08(P79.5%)
fetch 002563: PE=17.32(P61.1%) PB=1.46(P30.2%)
fetch 002567: PE=-2.96(P41.5%) PB=1.23(P22.8%)
fetch 002572: PE=10.17(P3.3%) PB=1.17(P1.6%)
fetch 002574: PE=-7.46(P38.4%) PB=0.85(P37.8%)
fetch 002594: PE=31.84(P34.6%) PB=3.78(P38.6%)
fetch 002595: PE=25.64(P92.5%) PB=4.89(P87.8%)
fetch 002596: PE=-17.12(P19.3%) PB=6.48(P92.9%)
fetch 002600: PE=46.9(P64.6%) PB=4.06(P66.5%)
fetch 002602: PE=15.47(P14.4%) PB=3.01(P54.6%)
fetch 002608: PE=8.2(P21.2%) PB=0.77(P12.9%)
fetch 002609: PE=75.09(P77.2%) PB=2.0(P9.3%)
fetch 002620: PE=-17.81(P12.7%) PB=-22.03(P7.4%)
fetch 002623: PE=-18.54(P38.0%) PB=1.03(P11.5%)
fetch 002624: PE=37.64(P68.5%) PB=2.77(P19.7%)
fetch 002626: PE=30.41(P62.2%) PB=1.96(P1.4%)
fetch 002631: PE=-24.26(P29.0%) PB=2.43(P42.5%)
fetch 002639: PE=304.53(P80.8%) PB=3.58(P84.4%)
fetch 002650: PE=-50.39(P13.7%) PB=3.73(P79.3%)
fetch 002659: PE=-145.13(P14.9%) PB=1.17(P28.7%)
fetch 002663: PE=-5.55(P35.6%) PB=1.35(P72.8%)
fetch 002671: PE=37.4(P71.0%) PB=1.25(P43.6%)
fetch 002677: PE=605.46(P98.2%) PB=2.74(P5.3%)
fetch 002688: PE=99.72(P98.5%) PB=1.69(P25.7%)
fetch 002689: PE=25.78(P42.0%) PB=2.14(P2.5%)
fetch 002695: PE=62.08(P48.2%) PB=1.83(P10.5%)
fetch 002701: PE=14.93(P29.3%) PB=1.25(P6.3%)
fetch 002712: PE=-48.85(P16.0%) PB=1.75(P52.0%)
fetch 002713: PE=219.01(P97.5%) PB=9.66(P87.6%)
fetch 002714: PE=23.56(P72.4%) PB=2.67(P1.9%)
fetch 002717: PE=-0.76(P52.1%) PB=-1.23(P1.8%)
fetch 002726: PE=-4.87(P34.6%) PB=5.7(P97.3%)
fetch 002727: PE=24.5(P43.2%) PB=0.91(P2.9%)
fetch 002731: PE=1.93(P2.2%) PB=0.28(P0.3%)
fetch 002732: PE=42.51(P83.0%) PB=1.38(P1.2%)
fetch 002739: PE=-78.62(P12.2%) PB=2.37(P7.5%)
fetch 002745: PE=-12.49(P1.5%) PB=1.27(P41.6%)
fetch 002746: PE=19.89(P39.7%) PB=1.11(P8.8%)
fetch 002752: PE=15.54(P19.2%) PB=1.54(P8.1%)
fetch 002761: PE=35.45(P54.7%) PB=1.14(P1.6%)
fetch 002774: PE=77.55(P87.0%) PB=3.74(P91.2%)
fetch 002775: PE=-7.6(P22.0%) PB=-46.76(P1.9%)
fetch 002789: PE=-1.82(P39.9%) PB=9.26(P70.5%)
fetch 002799: PE=-124.74(P2.1%) PB=1.57(P5.6%)
fetch 002809: PE=-34.18(P2.3%) PB=1.08(P7.6%)
fetch 002811: PE=17.89(P18.8%) PB=2.03(P54.1%)
fetch 002815: PE=55.17(P89.8%) PB=1.5(P10.1%)
fetch 002821: PE=47.43(P51.5%) PB=2.93(P29.3%)
fetch 002827: PE=45.89(P31.9%) PB=8.07(P81.4%)
fetch 002828: PE=-44.48(P4.0%) PB=3.82(P90.2%)
fetch 002830: PE=49.26(P38.1%) PB=3.12(P60.1%)
fetch 002831: PE=20.46(P41.5%) PB=2.65(P32.3%)
fetch 002832: PE=24.32(P70.5%) PB=2.57(P21.1%)
fetch 002835: PE=21.84(P25.1%) PB=1.97(P0.7%)
fetch 002837: PE=124.51(P90.0%) PB=17.36(P89.9%)
fetch 002847: PE=17.63(P1.3%) PB=6.51(P24.3%)
fetch 002853: PE=-72.02(P2.8%) PB=3.71(P77.4%)
fetch 002858: PE=-287.77(P2.2%) PB=3.89(P38.5%)
fetch 002859: PE=115.87(P98.4%) PB=8.81(P97.7%)
fetch 002867: PE=12.08(P11.4%) PB=2.04(P5.2%)
fetch 002876: PE=89.63(P81.6%) PB=1.88(P16.7%)
fetch 002878: PE=-82.68(P2.2%) PB=2.45(P8.0%)
fetch 002881: PE=71.64(P37.1%) PB=3.76(P4.7%)
fetch 002890: PE=203.74(P87.5%) PB=3.6(P69.5%)
fetch 002897: PE=32.63(P17.8%) PB=3.37(P31.4%)
fetch 002905: PE=-27.34(P16.9%) PB=41.31(P87.9%)
fetch 002906: PE=16.66(P0.9%) PB=1.84(P19.9%)
fetch 002911: PE=14.41(P6.3%) PB=3.58(P75.9%)
fetch 002916: PE=53.32(P82.2%) PB=10.71(P81.6%)
fetch 002918: PE=39.32(P79.2%) PB=1.14(P8.5%)
fetch 002920: PE=22.75(P6.0%) PB=3.5(P13.5%)
fetch 002921: PE=-395.46(P5.2%) PB=2.3(P65.4%)
fetch 002928: PE=12.2(P31.5%) PB=2.08(P2.1%)
fetch 002938: PE=47.48(P96.7%) PB=5.09(P82.5%)
fetch 002946: PE=19.53(P8.4%) PB=4.01(P23.7%)
fetch 002961: PE=13.92(P3.2%) PB=2.27(P11.2%)
fetch 002969: PE=92.19(P85.7%) PB=3.99(P83.6%)
fetch 002970: PE=24.69(P27.8%) PB=3.76(P24.9%)
fetch 002973: PE=23.65(P67.6%) PB=1.38(P0.4%)
fetch 002979: PE=68.2(P88.6%) PB=8.8(P79.3%)
fetch 002982: PE=165.18(P91.3%) PB=1.43(P5.1%)
fetch 002984: PE=15.67(P33.2%) PB=1.13(P2.4%)
fetch 002991: PE=18.08(P17.2%) PB=2.26(P2.2%)
fetch 002995: PE=-26.53(P56.5%) PB=3.67(P64.3%)
fetch 003037: PE=92.9(P77.3%) PB=1.15(P3.8%)
fetch 003816: PE=22.16(P92.3%) PB=1.67(P71.6%)
fetch 300002: PE=21.9(P43.8%) PB=2.06(P27.4%)
fetch 300003: PE=28.97(P43.6%) PB=1.46(P8.5%)
fetch 300005: PE=90.82(P75.6%) PB=3.61(P79.8%)
fetch 300007: PE=62.63(P75.4%) PB=3.53(P67.0%)
fetch 300008: PE=31.08(P28.2%) PB=4.25(P50.6%)
fetch 300011: PE=-225.42(P6.0%) PB=2.28(P42.4%)
fetch 300014: PE=26.31(P19.8%) PB=2.7(P16.3%)
fetch 300015: PE=25.05(P2.5%) PB=3.66(P1.6%)
fetch 300017: PE=40.91(P54.4%) PB=2.82(P65.7%)
fetch 300022: PE=-122.63(P23.9%) PB=7.52(P26.3%)
fetch 300031: PE=29.74(P55.8%) PB=1.91(P21.8%)
fetch 300033: PE=50.89(P56.2%) PB=24.32(P93.3%)
fetch 300054: PE=75.25(P82.1%) PB=11.44(P97.8%)
fetch 300058: PE=168.21(P87.4%) PB=5.39(P94.5%)
fetch 300059: PE=24.13(P5.3%) PB=3.31(P10.4%)
fetch 300068: PE=-1.35(P42.0%) PB=3.3(P80.4%)
fetch 300070: PE=210.02(P88.5%) PB=0.47(P2.5%)
fetch 300083: PE=141.27(P88.9%) PB=3.12(P67.7%)
fetch 300087: PE=-23.54(P2.3%) PB=2.81(P0.7%)
fetch 300091: PE=-3.21(P35.8%) PB=5.32(P68.7%)
fetch 300098: PE=-1097.82(P2.1%) PB=2.98(P62.0%)
fetch 300101: PE=512.06(P89.6%) PB=4.56(P3.0%)
fetch 300106: PE=-51.28(P18.7%) PB=4.89(P84.7%)
fetch 300114: PE=None(PNone%) PB=None(PNone%)
fetch 300119: PE=19.82(P13.5%) PB=1.62(P11.4%)
fetch 300120: PE=-7.08(P19.2%) PB=1.39(P36.3%)
fetch 300122: PE=-2.09(P8.1%) PB=2.0(P17.0%)
fetch 300124: PE=36.27(P25.2%) PB=4.73(P1.9%)
fetch 300133: PE=66.76(P93.3%) PB=1.63(P21.1%)
fetch 300136: PE=74.27(P93.2%) PB=6.81(P54.6%)
fetch 300142: PE=68.17(P36.8%) PB=2.63(P20.9%)
fetch 300143: PE=107.87(P81.5%) PB=2.73(P19.3%)
fetch 300146: PE=23.54(P39.1%) PB=1.49(P2.1%)
fetch 300149: PE=-376.11(P1.8%) PB=3.34(P51.6%)
fetch 300155: PE=-39.84(P32.8%) PB=1.82(P7.0%)
fetch 300159: PE=63.84(P79.9%) PB=3.24(P59.2%)
fetch 300161: PE=-1045.39(P6.2%) PB=3.08(P45.1%)
fetch 300164: PE=306.34(P94.4%) PB=5.1(P97.4%)
fetch 300166: PE=-62.41(P12.6%) PB=2.4(P53.1%)
fetch 300170: PE=68.06(P51.6%) PB=2.75(P44.9%)
fetch 300177: PE=-18.87(P32.7%) PB=3.55(P63.2%)
fetch 300188: PE=-11.17(P28.3%) PB=3.61(P23.9%)
fetch 300189: PE=38.77(P79.1%) PB=6.38(P88.1%)
fetch 300196: PE=19.63(P55.4%) PB=1.33(P24.1%)
fetch 300197: PE=-2.54(P48.0%) PB=-14.41(P1.5%)
fetch 300207: PE=44.7(P71.8%) PB=1.42(P12.7%)
fetch 300220: PE=-372.61(P7.3%) PB=24.14(P80.3%)
fetch 300224: PE=36.03(P38.3%) PB=1.98(P8.1%)
fetch 300227: PE=-17.34(P18.2%) PB=3.86(P66.9%)
fetch 300236: PE=72.43(P38.9%) PB=5.32(P79.9%)
fetch 300240: PE=901.59(P93.3%) PB=1.38(P4.2%)
fetch 300244: PE=78.71(P92.5%) PB=1.56(P17.6%)
fetch 300251: PE=-103.29(P7.3%) PB=3.3(P51.4%)
fetch 300257: PE=47.23(P38.3%) PB=2.53(P33.0%)
fetch 300259: PE=18.22(P33.5%) PB=1.44(P15.2%)
fetch 300274: PE=18.03(P27.1%) PB=4.42(P47.5%)
fetch 300294: PE=2284.11(P98.1%) PB=1.05(P1.0%)
fetch 300305: PE=-7.49(P12.4%) PB=0.96(P7.9%)
fetch 300308: PE=67.61(P63.9%) PB=28.4(P94.8%)
fetch 300315: PE=-86.75(P6.3%) PB=2.42(P44.7%)
fetch 300342: PE=868.04(P96.9%) PB=7.93(P93.3%)
fetch 300346: PE=94.45(P41.0%) PB=9.14(P73.9%)
fetch 300347: PE=54.72(P35.6%) PB=2.02(P6.7%)
fetch 300349: PE=16.45(P40.8%) PB=0.91(P0.4%)
fetch 300351: PE=294.8(P97.9%) PB=2.12(P39.0%)
fetch 300363: PE=63.32(P68.9%) PB=1.52(P6.2%)
fetch 300369: PE=-127.93(P4.8%) PB=2.08(P9.7%)
fetch 300378: PE=47.85(P40.5%) PB=3.38(P48.0%)
fetch 300383: PE=-28.68(P1.9%) PB=1.95(P31.6%)
fetch 300394: PE=80.41(P88.9%) PB=29.2(P92.7%)
fetch 300398: PE=43.97(P59.2%) PB=3.5(P56.9%)
fetch 300408: PE=72.77(P98.5%) PB=9.35(P98.1%)
fetch 300410: PE=60.84(P71.8%) PB=8.84(P87.1%)
fetch 300418: PE=-27.04(P8.1%) PB=3.78(P62.9%)
fetch 300426: PE=-5.98(P38.7%) PB=25.54(P56.0%)
fetch 300433: PE=47.32(P71.3%) PB=2.98(P56.0%)
fetch 300438: PE=52.32(P62.0%) PB=5.28(P71.1%)
fetch 300441: PE=26.41(P46.1%) PB=1.75(P2.2%)
fetch 300442: PE=18.27(P40.1%) PB=6.65(P61.4%)
fetch 300454: PE=77.89(P34.5%) PB=4.14(P15.6%)
fetch 300456: PE=13.79(P20.5%) PB=2.96(P28.5%)
fetch 300474: PE=-164.35(P5.6%) PB=4.0(P0.4%)
fetch 300476: PE=37.88(P63.9%) PB=10.18(P89.1%)
fetch 300495: PE=-0.14(P37.5%) PB=-3.59(P4.8%)
fetch 300496: PE=56.93(P13.4%) PB=2.52(P6.0%)
fetch 300498: PE=43.41(P87.1%) PB=2.41(P9.3%)
fetch 300502: PE=48.18(P41.2%) PB=25.39(P91.8%)
fetch 300529: PE=26.21(P12.2%) PB=4.13(P1.9%)
fetch 300548: PE=99.99(P73.6%) PB=17.94(P92.0%)
fetch 300552: PE=-27.21(P20.9%) PB=2.44(P25.4%)
fetch 300567: PE=578.49(P98.0%) PB=12.07(P84.9%)
fetch 300570: PE=84.3(P92.6%) PB=13.6(P84.0%)
fetch 300589: PE=-36.92(P12.6%) PB=6.67(P32.7%)
fetch 300601: PE=171.04(P83.4%) PB=1.52(P1.6%)
fetch 300612: PE=-23.14(P34.6%) PB=4.76(P4.1%)
fetch 300616: PE=-6.99(P29.0%) PB=0.74(P4.4%)
fetch 300625: PE=-46.13(P13.4%) PB=1.29(P2.0%)
fetch 300627: PE=33.88(P9.2%) PB=5.18(P13.7%)
fetch 300633: PE=47.56(P27.2%) PB=2.59(P1.6%)
fetch 300638: PE=72.34(P83.2%) PB=2.77(P2.5%)
fetch 300649: PE=-53.48(P27.9%) PB=5.11(P50.8%)
fetch 300651: PE=36.5(P12.5%) PB=2.1(P4.5%)
fetch 300655: PE=114.12(P81.8%) PB=4.99(P31.8%)
fetch 300661: PE=100.5(P54.8%) PB=11.23(P50.0%)
fetch 300665: PE=-8.78(P38.5%) PB=4.65(P85.9%)
fetch 300666: PE=98.51(P55.4%) PB=10.49(P54.8%)
fetch 300687: PE=-83.0(P2.9%) PB=3.11(P11.8%)
fetch 300691: PE=112.25(P91.1%) PB=2.01(P0.9%)
fetch 300693: PE=21.15(P7.8%) PB=4.59(P28.6%)
fetch 300701: PE=32.94(P23.2%) PB=2.49(P3.7%)
fetch 300726: PE=44.37(P61.1%) PB=3.75(P30.7%)
fetch 300738: PE=120.0(P86.4%) PB=5.42(P40.3%)
fetch 300747: PE=68.51(P49.7%) PB=4.92(P36.5%)
fetch 300748: PE=46.25(P25.9%) PB=4.48(P36.9%)
fetch 300749: PE=-300.36(P3.3%) PB=5.8(P90.5%)
fetch 300750: PE=21.87(P17.2%) PB=4.9(P29.5%)
fetch 300751: PE=58.88(P56.8%) PB=4.96(P25.5%)
fetch 300759: PE=39.06(P41.8%) PB=4.02(P30.9%)
fetch 300760: PE=25.0(P12.5%) PB=4.89(P2.8%)
fetch 300761: PE=30.6(P87.9%) PB=1.7(P6.5%)
fetch 300772: PE=28.2(P60.2%) PB=1.38(P11.4%)
fetch 300776: PE=52.96(P81.1%) PB=6.99(P52.8%)
fetch 300777: PE=48.74(P36.9%) PB=2.34(P4.1%)
fetch 300781: PE=-45.44(P17.9%) PB=7.4(P66.1%)
fetch 300782: PE=-95.28(P13.3%) PB=3.83(P5.9%)
fetch 300783: PE=37.78(P46.4%) PB=2.23(P2.3%)
fetch 300790: PE=32.08(P12.9%) PB=3.0(P24.5%)
fetch 300791: PE=43.95(P84.9%) PB=1.86(P5.8%)
fetch 300803: PE=242.74(P72.2%) PB=16.98(P64.8%)
fetch 300810: PE=-80.28(P23.8%) PB=3.43(P62.8%)
fetch 300815: PE=10.44(P13.7%) PB=1.25(P3.0%)
fetch 300832: PE=23.58(P8.2%) PB=4.04(P3.7%)
fetch 300846: PE=-57.1(P17.5%) PB=11.33(P69.3%)
fetch 300850: PE=15.62(P10.6%) PB=1.74(P15.1%)
fetch 300871: PE=14.39(P17.6%) PB=1.83(P24.6%)
fetch 300894: PE=-16.19(P18.7%) PB=4.93(P47.2%)
fetch 300895: PE=-86.09(P4.7%) PB=8.27(P86.2%)
fetch 300911: PE=-22.85(P30.1%) PB=3.47(P34.9%)
fetch 300928: PE=-16.16(P49.2%) PB=1.87(P2.0%)
fetch 300931: PE=-37.12(P16.1%) PB=4.1(P77.6%)
fetch 300945: PE=22.81(P1.7%) PB=1.69(P11.7%)
fetch 301028: PE=18.88(P7.9%) PB=2.58(P9.9%)
fetch 301048: PE=22.07(P47.8%) PB=1.65(P3.4%)
fetch 301050: PE=179.32(P95.2%) PB=2.4(P0.8%)
fetch 301056: PE=36.55(P54.1%) PB=3.15(P54.3%)
fetch 301078: PE=29.93(P2.4%) PB=2.19(P9.8%)
fetch 301116: PE=-22.12(P42.8%) PB=2.5(P13.4%)
fetch 301165: PE=159.54(P98.8%) PB=22.13(P98.8%)
fetch 301177: PE=56.87(P45.2%) PB=1.41(P9.5%)
fetch 301191: PE=109.23(P80.6%) PB=4.71(P78.5%)
fetch 301239: PE=-273.81(P4.0%) PB=2.28(P8.1%)
fetch 301267: PE=30.1(P16.8%) PB=2.56(P12.6%)
fetch 301317: PE=-45.27(P7.1%) PB=4.87(P79.1%)
fetch 301533: PE=85.0(P93.6%) PB=2.15(P8.4%)
fetch 600004: PE=15.25(P40.6%) PB=0.96(P1.1%)
fetch 600006: PE=-27.04(P7.5%) PB=1.44(P36.4%)
fetch 600008: PE=11.97(P33.1%) PB=1.02(P1.6%)
fetch 600009: PE=28.52(P61.1%) PB=1.44(P1.6%)
fetch 600010: PE=-742.29(P2.2%) PB=1.93(P68.0%)
fetch 600012: PE=16.66(P79.2%) PB=2.32(P84.3%)
fetch 600017: PE=19.5(P78.4%) PB=0.61(P4.2%)
fetch 600018: PE=8.98(P29.7%) PB=0.84(P4.5%)
fetch 600019: PE=13.45(P67.3%) PB=0.65(P14.8%)
fetch 600020: PE=13.53(P68.5%) PB=0.73(P30.5%)
fetch 600026: PE=16.75(P47.7%) PB=1.91(P80.3%)
fetch 600029: PE=30.43(P92.7%) PB=2.53(P67.2%)
fetch 600030: PE=12.51(P5.5%) PB=1.45(P44.5%)
fetch 600031: PE=22.75(P45.7%) PB=2.11(P26.9%)
fetch 600035: PE=11.25(P60.6%) PB=0.62(P0.7%)
fetch 600038: PE=45.45(P29.3%) PB=1.26(P1.4%)
fetch 600048: PE=252.02(P97.3%) PB=0.33(P1.6%)
fetch 600050: PE=16.18(P8.6%) PB=0.82(P12.4%)
fetch 600066: PE=13.71(P31.9%) PB=4.61(P91.5%)
fetch 600071: PE=142.99(P78.7%) PB=8.11(P30.6%)
fetch 600072: PE=-4.18(P20.5%) PB=1.8(P15.3%)
fetch 600079: PE=15.39(P30.4%) PB=1.51(P11.9%)
fetch 600089: PE=17.0(P82.9%) PB=1.46(P68.7%)
fetch 600096: PE=10.46(P52.4%) PB=2.13(P53.8%)
fetch 600103: PE=153.93(P90.3%) PB=1.52(P52.3%)
fetch 600104: PE=12.68(P80.7%) PB=0.43(P1.5%)
fetch 600111: PE=51.68(P31.7%) PB=5.53(P61.7%)
fetch 600115: PE=81.91(P98.1%) PB=5.78(P88.1%)
fetch 600118: PE=3816.49(P97.4%) PB=10.24(P94.0%)
fetch 600120: PE=18.88(P53.4%) PB=1.07(P43.1%)
fetch 600125: PE=13.47(P1.6%) PB=0.93(P2.2%)
fetch 600126: PE=301.65(P96.3%) PB=1.07(P62.8%)
fetch 600132: PE=19.16(P4.7%) PB=12.53(P25.9%)
fetch 600141: PE=24.14(P55.7%) PB=1.39(P46.6%)
fetch 600150: PE=22.56(P26.3%) PB=1.74(P20.5%)
fetch 600153: PE=-2.46(P1.5%) PB=0.61(P29.1%)
fetch 600158: PE=-34.88(P1.8%) PB=2.79(P4.2%)
fetch 600160: PE=25.78(P39.4%) PB=4.95(P94.9%)
fetch 600161: PE=26.09(P18.1%) PB=2.14(P1.5%)
fetch 600168: PE=41.2(P86.2%) PB=0.78(P6.0%)
fetch 600170: PE=14.73(P76.6%) PB=0.67(P4.8%)
fetch 600176: PE=38.36(P95.6%) PB=4.54(P96.0%)
fetch 600177: PE=14.2(P94.5%) PB=0.86(P32.3%)
fetch 600182: PE=19.81(P0.5%) PB=3.79(P6.6%)
fetch 600183: PE=61.88(P97.5%) PB=13.56(P98.2%)
fetch 600186: PE=39.67(P39.4%) PB=7.39(P59.1%)
fetch 600189: PE=255.89(P81.9%) PB=4.14(P71.3%)
fetch 600195: PE=50.17(P87.4%) PB=1.16(P2.7%)
fetch 600196: PE=17.8(P2.1%) PB=1.26(P1.5%)
fetch 600201: PE=124.59(P86.5%) PB=2.38(P34.7%)
fetch 600210: PE=8.81(P2.2%) PB=1.38(P32.8%)
fetch 600218: PE=49.12(P78.5%) PB=0.99(P8.9%)
fetch 600219: PE=12.84(P38.6%) PB=1.04(P73.9%)
fetch 600233: PE=13.09(P15.3%) PB=1.75(P17.8%)
fetch 600235: PE=184.84(P88.6%) PB=1.22(P8.6%)
fetch 600248: PE=-801.2(P1.5%) PB=0.39(P1.2%)
fetch 600258: PE=16.57(P23.9%) PB=1.13(P1.8%)
fetch 600259: PE=92.48(P55.0%) PB=6.34(P71.5%)
fetch 600261: PE=29.54(P87.8%) PB=1.14(P6.3%)
fetch 600266: PE=-29.25(P10.7%) PB=0.47(P18.5%)
fetch 600269: PE=8.65(P33.5%) PB=0.49(P15.9%)
fetch 600276: PE=44.67(P10.1%) PB=5.7(P3.6%)
fetch 600282: PE=10.98(P62.9%) PB=1.12(P61.6%)
fetch 600283: PE=21.87(P24.1%) PB=1.38(P0.5%)
fetch 600293: PE=-46.74(P19.8%) PB=1.8(P41.9%)
fetch 600300: PE=14.93(P14.2%) PB=1.4(P6.7%)
fetch 600305: PE=50.79(P40.1%) PB=2.28(P1.8%)
fetch 600308: PE=-47.6(P11.6%) PB=0.54(P5.5%)
fetch 600311: PE=-1.21(P93.7%) PB=-2.23(P13.7%)
fetch 600312: PE=22.56(P39.4%) PB=2.27(P82.5%)
fetch 600313: PE=127.0(P56.8%) PB=2.68(P27.5%)
fetch 600316: PE=327.4(P71.8%) PB=3.28(P55.4%)
fetch 600323: PE=11.64(P18.2%) PB=1.69(P42.1%)
fetch 600325: PE=-0.65(P9.4%) PB=0.81(P22.0%)
fetch 600346: PE=13.33(P32.3%) PB=1.68(P11.6%)
fetch 600350: PE=16.28(P95.8%) PB=1.72(P95.9%)
fetch 600354: PE=100.84(P83.7%) PB=4.13(P36.0%)
fetch 600363: PE=25.96(P13.1%) PB=2.56(P24.8%)
fetch 600366: PE=28.59(P46.1%) PB=1.85(P54.4%)
fetch 600371: PE=-120.55(P1.9%) PB=3.62(P9.4%)
fetch 600373: PE=47.62(P98.8%) PB=0.57(P1.5%)
fetch 600376: PE=-1.51(P24.1%) PB=4.04(P98.8%)
fetch 600377: PE=13.14(P54.4%) PB=1.44(P17.8%)
fetch 600378: PE=33.13(P43.2%) PB=2.8(P22.7%)
fetch 600381: PE=-32.02(P21.9%) PB=2.04(P40.9%)
fetch 600383: PE=-0.78(P18.2%) PB=0.23(P2.7%)
fetch 600389: PE=16.49(P34.5%) PB=2.21(P17.1%)
fetch 600390: PE=42.61(P89.3%) PB=0.53(P13.7%)
fetch 600392: PE=35.27(P32.4%) PB=2.74(P35.2%)
fetch 600398: PE=13.86(P61.7%) PB=1.57(P9.8%)
fetch 600399: PE=-9.95(P11.9%) PB=1.53(P15.7%)
fetch 600406: PE=23.48(P31.2%) PB=3.65(P26.9%)
fetch 600409: PE=799.09(P99.0%) PB=0.99(P35.8%)
fetch 600418: PE=-26.36(P35.7%) PB=4.37(P82.4%)
fetch 600419: PE=18.88(P9.3%) PB=1.11(P4.4%)
fetch 600428: PE=16.37(P36.9%) PB=1.76(P99.2%)
fetch 600429: PE=-32.01(P13.0%) PB=1.41(P25.3%)
fetch 600438: PE=-5.6(P18.6%) PB=1.51(P2.7%)
fetch 600449: PE=30.57(P78.0%) PB=0.77(P5.3%)
fetch 600460: PE=100.72(P50.6%) PB=3.79(P27.8%)
fetch 600461: PE=10.12(P35.7%) PB=1.17(P2.9%)
fetch 600469: PE=18.02(P62.7%) PB=1.0(P1.2%)
fetch 600482: PE=41.28(P40.2%) PB=1.51(P71.1%)
fetch 600486: PE=18.71(P39.3%) PB=1.98(P3.6%)
fetch 600489: PE=16.92(P2.2%) PB=3.24(P88.4%)
fetch 600495: PE=217.59(P69.4%) PB=1.42(P21.3%)
fetch 600498: PE=103.88(P91.2%) PB=2.48(P47.9%)
fetch 600517: PE=12.64(P1.5%) PB=1.22(P4.1%)
fetch 600521: PE=65.48(P84.5%) PB=2.54(P5.6%)
fetch 600522: PE=29.6(P85.1%) PB=2.49(P83.0%)
fetch 600528: PE=11.87(P46.8%) PB=0.64(P2.1%)
fetch 600529: PE=19.91(P19.7%) PB=1.59(P4.1%)
fetch 600530: PE=950.03(P93.0%) PB=12.3(P86.5%)
fetch 600536: PE=-845.97(P3.0%) PB=8.3(P27.4%)
fetch 600543: PE=-11.02(P49.0%) PB=1.69(P12.9%)
fetch 600547: PE=24.74(P7.8%) PB=3.99(P42.4%)
fetch 600548: PE=18.74(P85.2%) PB=0.94(P3.0%)
fetch 600549: PE=23.62(P36.1%) PB=3.9(P79.1%)
fetch 600551: PE=11.67(P18.5%) PB=0.78(P10.4%)
fetch 600552: PE=105.39(P93.4%) PB=3.24(P91.0%)
fetch 600556: PE=387.54(P87.7%) PB=2.1(P12.0%)
fetch 600563: PE=25.14(P47.7%) PB=4.77(P43.2%)
fetch 600567: PE=-5.04(P12.3%) PB=0.57(P4.0%)
fetch 600570: PE=31.48(P10.7%) PB=4.22(P3.7%)
fetch 600573: PE=29.61(P7.7%) PB=1.78(P28.7%)
fetch 600583: PE=12.63(P26.0%) PB=0.86(P13.1%)
fetch 600584: PE=69.87(P73.2%) PB=4.01(P78.4%)
fetch 600585: PE=12.66(P69.1%) PB=0.51(P1.5%)
fetch 600586: PE=-7.96(P18.9%) PB=1.18(P23.5%)
fetch 600588: PE=-25.01(P18.5%) PB=4.99(P15.5%)
fetch 600596: PE=66.19(P83.7%) PB=1.11(P27.2%)
fetch 600597: PE=-43.77(P1.5%) PB=1.06(P2.1%)
fetch 600600: PE=16.76(P1.5%) PB=2.42(P6.2%)
fetch 600612: PE=11.37(P2.9%) PB=1.4(P1.9%)
fetch 600641: PE=-190.89(P9.3%) PB=2.89(P85.8%)
fetch 600643: PE=-3.2(P18.2%) PB=0.65(P14.9%)
fetch 600655: PE=-3.77(P10.4%) PB=0.6(P9.2%)
fetch 600660: PE=17.35(P24.5%) PB=3.99(P70.2%)
fetch 600685: PE=30.45(P31.1%) PB=2.04(P32.0%)
fetch 600699: PE=22.22(P36.0%) PB=1.77(P36.8%)
fetch 600703: PE=-118.4(P9.8%) PB=1.69(P13.0%)
fetch 600704: PE=7.19(P27.6%) PB=0.62(P4.5%)
fetch 600707: PE=482.72(P97.1%) PB=1.27(P65.8%)
fetch 600717: PE=12.22(P8.3%) PB=0.63(P2.5%)
fetch 600720: PE=8.52(P23.8%) PB=0.76(P1.1%)
fetch 600729: PE=13.01(P62.0%) PB=1.15(P3.1%)
fetch 600733: PE=-8.47(P36.5%) PB=6.3(P53.4%)
fetch 600741: PE=7.43(P11.1%) PB=0.78(P1.8%)
fetch 600745: PE=-2.22(P30.1%) PB=0.89(P1.1%)
fetch 600754: PE=20.16(P16.3%) PB=1.28(P1.1%)
fetch 600755: PE=36.65(P96.9%) PB=0.65(P3.8%)
fetch 600757: PE=10.42(P48.6%) PB=0.95(P33.5%)
fetch 600760: PE=38.45(P20.0%) PB=5.26(P12.2%)
fetch 600763: PE=32.42(P2.1%) PB=3.7(P1.8%)
fetch 600765: PE=37.22(P50.8%) PB=1.48(P4.0%)
fetch 600782: PE=-13.49(P12.3%) PB=0.37(P3.3%)
fetch 600787: PE=18.55(P40.1%) PB=0.74(P3.4%)
fetch 600801: PE=14.38(P80.4%) PB=1.42(P44.3%)
fetch 600803: PE=12.75(P43.6%) PB=2.3(P25.6%)
fetch 600815: PE=-65.03(P11.4%) PB=3.66(P56.6%)
fetch 600816: PE=22.64(P68.5%) PB=1.64(P22.3%)
fetch 600819: PE=44.11(P71.5%) PB=1.33(P28.2%)
fetch 600820: PE=8.2(P51.2%) PB=0.56(P2.2%)
fetch 600827: PE=11.68(P15.6%) PB=0.7(P1.6%)
fetch 600831: PE=-1.39(P37.1%) PB=6.04(P97.9%)
fetch 600835: PE=24.72(P89.1%) PB=1.34(P36.5%)
fetch 600845: PE=40.37(P33.9%) PB=4.39(P23.4%)
fetch 600859: PE=-266.94(P6.3%) PB=0.6(P1.4%)
fetch 600862: PE=28.5(P13.4%) PB=3.32(P14.8%)
fetch 600872: PE=24.88(P32.7%) PB=2.59(P9.6%)
fetch 600875: PE=20.21(P46.5%) PB=1.84(P87.8%)
fetch 600876: PE=-3.81(P23.0%) PB=1.59(P10.8%)
fetch 600882: PE=84.21(P33.8%) PB=2.48(P21.1%)
fetch 600884: PE=37.97(P60.5%) PB=1.27(P27.1%)
fetch 600887: PE=14.49(P6.8%) PB=2.94(P6.6%)
fetch 600888: PE=19.6(P49.1%) PB=1.08(P30.8%)
fetch 600893: PE=148.79(P89.3%) PB=2.33(P28.9%)
fetch 600894: PE=9.37(P16.0%) PB=0.75(P31.3%)
fetch 600897: PE=12.13(P5.1%) PB=1.24(P10.7%)
fetch 600901: PE=11.53(P71.0%) PB=1.47(P71.1%)
fetch 600903: PE=91.62(P69.8%) PB=2.3(P1.0%)
fetch 600916: PE=41.97(P92.6%) PB=1.75(P2.3%)
fetch 600917: PE=33.6(P66.2%) PB=1.31(P0.8%)
fetch 600927: PE=22.84(P3.3%) PB=1.43(P14.0%)
fetch 600936: PE=-58.13(P10.9%) PB=9.01(P92.4%)
fetch 600941: PE=15.76(P48.0%) PB=None(PNone%)
fetch 600959: PE=70.61(P85.6%) PB=0.68(P11.2%)
fetch 600963: PE=-21.96(P15.2%) PB=0.78(P14.6%)
fetch 600966: PE=41.25(P75.1%) PB=0.87(P8.5%)
fetch 600975: PE=-4.77(P50.1%) PB=3.4(P47.9%)
fetch 600977: PE=162.59(P89.4%) PB=2.12(P37.3%)
fetch 600984: PE=-2.26(P36.7%) PB=2.82(P91.8%)
fetch 600988: PE=19.69(P13.0%) PB=4.94(P58.4%)
fetch 600996: PE=-6.27(P46.5%) PB=5.27(P92.6%)
fetch 600998: PE=12.87(P39.0%) PB=0.94(P3.6%)
fetch 600999: PE=11.47(P8.6%) PB=1.23(P25.3%)
fetch 601000: PE=13.94(P80.6%) PB=1.33(P77.0%)
fetch 601006: PE=17.52(P98.2%) PB=0.6(P1.5%)
fetch 601012: PE=-14.29(P17.5%) PB=1.95(P8.8%)
fetch 601018: PE=13.11(P2.7%) PB=0.83(P2.1%)
fetch 601019: PE=13.45(P85.9%) PB=1.01(P10.1%)
fetch 601021: PE=17.64(P33.8%) PB=2.48(P13.0%)
fetch 601022: PE=17.52(P5.7%) PB=1.73(P6.6%)
fetch 601038: PE=18.82(P44.0%) PB=1.93(P41.0%)
fetch 601058: PE=13.31(P40.4%) PB=2.1(P43.5%)
fetch 601066: PE=17.79(P8.0%) PB=2.32(P19.3%)
fetch 601069: PE=23.19(P19.3%) PB=4.23(P30.8%)
fetch 601098: PE=11.9(P19.2%) PB=1.15(P5.5%)
fetch 601100: PE=49.88(P67.6%) PB=7.72(P64.3%)
fetch 601107: PE=12.16(P47.3%) PB=1.06(P82.1%)
fetch 601111: PE=63.61(P90.4%) PB=2.87(P65.0%)
fetch 601117: PE=7.26(P3.7%) PB=0.69(P4.2%)
fetch 601126: PE=35.71(P93.0%) PB=5.93(P94.7%)
fetch 601127: PE=17.95(P54.0%) PB=2.59(P14.8%)
fetch 601138: PE=26.26(P87.4%) PB=6.06(P86.7%)
fetch 601139: PE=12.15(P1.6%) PB=1.14(P2.2%)
fetch 601155: PE=37.18(P80.3%) PB=0.41(P8.6%)
fetch 601158: PE=24.25(P68.0%) PB=1.17(P1.9%)
fetch 601163: PE=10.93(P19.4%) PB=0.75(P1.4%)
fetch 601179: PE=50.89(P75.4%) PB=2.88(P94.9%)
fetch 601186: PE=4.92(P35.4%) PB=0.31(P1.8%)
fetch 601199: PE=14.31(P21.5%) PB=1.1(P3.1%)
fetch 601211: PE=15.28(P64.2%) PB=1.03(P30.6%)
fetch 601222: PE=64.67(P97.8%) PB=0.77(P5.5%)
fetch 601228: PE=29.51(P67.8%) PB=1.09(P2.3%)
fetch 601231: PE=25.2(P59.5%) PB=2.22(P26.1%)
fetch 601233: PE=15.8(P62.0%) PB=1.3(P46.9%)
fetch 601238: PE=-6.45(P11.8%) PB=0.54(P1.2%)
fetch 601298: PE=11.19(P75.7%) PB=1.25(P54.1%)
fetch 601318: PE=7.61(P11.9%) PB=0.99(P22.2%)
fetch 601319: PE=7.85(P14.8%) PB=1.05(P32.1%)
fetch 601326: PE=12.19(P23.5%) PB=0.95(P28.6%)
fetch 601330: PE=16.21(P45.9%) PB=1.25(P22.2%)
fetch 601333: PE=14.33(P31.5%) PB=0.76(P47.9%)
fetch 601336: PE=5.3(P1.6%) PB=1.58(P38.4%)
fetch 601368: PE=33.13(P60.7%) PB=0.81(P5.7%)
fetch 601369: PE=23.51(P62.1%) PB=1.79(P51.7%)
fetch 601377: PE=16.81(P22.6%) PB=0.93(P14.6%)
fetch 601390: PE=5.42(P42.3%) PB=0.36(P1.6%)
fetch 601500: PE=28.29(P16.0%) PB=1.04(P2.1%)
fetch 601567: PE=25.09(P83.0%) PB=2.04(P47.3%)
fetch 601595: PE=125.52(P90.1%) PB=4.5(P56.0%)
fetch 601601: PE=5.85(P1.6%) PB=0.99(P10.9%)
fetch 601607: PE=10.7(P8.9%) PB=0.8(P1.9%)
fetch 601615: PE=65.99(P83.4%) PB=0.96(P18.9%)
fetch 601618: PE=41.62(P98.1%) PB=0.54(P1.8%)
fetch 601628: PE=7.76(P5.6%) PB=1.88(P24.8%)
fetch 601633: PE=16.07(P22.6%) PB=1.65(P20.8%)
fetch 601636: PE=98.94(P97.4%) PB=1.07(P2.7%)
fetch 601668: PE=5.14(P54.7%) PB=0.39(P1.5%)
fetch 601677: PE=9.26(P23.3%) PB=1.04(P44.2%)
fetch 601688: PE=10.14(P18.1%) PB=1.0(P33.1%)
fetch 601689: PE=27.71(P23.3%) PB=3.12(P23.9%)
fetch 601698: PE=260.71(P86.9%) PB=6.49(P83.7%)
fetch 601718: PE=-18.24(P17.1%) PB=0.64(P4.4%)
fetch 601727: PE=82.72(P80.7%) PB=1.95(P69.9%)
fetch 601728: PE=18.75(P75.1%) PB=1.27(P68.7%)
fetch 601766: PE=13.45(P8.6%) PB=1.03(P13.7%)
fetch 601799: PE=16.39(P0.8%) PB=2.35(P0.8%)
fetch 601800: PE=7.68(P56.0%) PB=0.35(P1.8%)
fetch 601801: PE=14.86(P31.3%) PB=0.92(P20.9%)
fetch 601808: PE=15.89(P25.3%) PB=1.27(P4.4%)
fetch 601811: PE=9.91(P23.5%) PB=1.0(P7.1%)
fetch 601816: PE=19.09(P8.4%) PB=1.21(P14.9%)
fetch 601827: PE=11.06(P29.0%) PB=1.11(P5.2%)
fetch 601858: PE=30.78(P64.7%) PB=2.63(P52.2%)
fetch 601865: PE=25.65(P21.0%) PB=1.06(P1.0%)
fetch 601872: PE=16.81(P52.3%) PB=2.95(P96.9%)
fetch 601880: PE=24.35(P14.5%) PB=0.87(P7.4%)
fetch 601881: PE=10.72(P12.1%) PB=1.13(P12.1%)
fetch 601882: PE=22.53(P19.7%) PB=3.25(P11.3%)
fetch 601888: PE=29.48(P21.1%) PB=2.08(P1.9%)
fetch 601890: PE=23.4(P7.7%) PB=2.1(P38.4%)
fetch 601899: PE=14.09(P11.8%) PB=4.41(P83.7%)
fetch 601919: PE=9.57(P63.1%) PB=1.02(P31.6%)
fetch 601928: PE=14.6(P70.9%) PB=1.23(P23.1%)
fetch 601929: PE=-17.27(P17.6%) PB=1.69(P80.8%)
fetch 601933: PE=-11.95(P36.5%) PB=13.47(P98.2%)
fetch 601952: PE=23.64(P74.3%) PB=1.59(P2.5%)
fetch 601966: PE=16.16(P22.7%) PB=0.74(P1.2%)
fetch 601968: PE=29.27(P24.8%) PB=1.26(P1.9%)
fetch 601975: PE=11.61(P45.7%) PB=1.41(P13.9%)
fetch 601985: PE=22.66(P76.5%) PB=1.55(P26.5%)
fetch 601989: PE=46.08(P50.5%) PB=1.36(P66.2%)
fetch 603008: PE=21.09(P45.7%) PB=0.81(P0.3%)
fetch 603027: PE=31.57(P30.8%) PB=3.01(P2.1%)
fetch 603039: PE=32.23(P3.2%) PB=3.95(P3.3%)
fetch 603043: PE=16.44(P4.7%) PB=2.02(P2.0%)
fetch 603053: PE=16.86(P16.6%) PB=1.56(P1.7%)
fetch 603056: PE=285.89(P99.5%) PB=2.37(P48.7%)
fetch 603063: PE=26.36(P26.7%) PB=2.41(P39.1%)
fetch 603076: PE=92.92(P46.2%) PB=1.85(P4.5%)
fetch 603078: PE=100.01(P78.2%) PB=5.35(P75.1%)
fetch 603081: PE=60.53(P85.0%) PB=1.11(P0.3%)
fetch 603083: PE=136.77(P80.7%) PB=6.34(P82.1%)
fetch 603093: PE=20.77(P24.4%) PB=2.18(P39.7%)
fetch 603102: PE=17.14(P41.8%) PB=1.24(P6.3%)
fetch 603103: PE=-61.44(P18.8%) PB=6.9(P69.3%)
fetch 603111: PE=13.82(P37.2%) PB=1.2(P8.5%)
fetch 603118: PE=147.54(P94.3%) PB=2.32(P85.9%)
fetch 603127: PE=60.62(P38.6%) PB=3.51(P35.0%)
fetch 603156: PE=33.02(P97.5%) PB=4.75(P95.3%)
fetch 603160: PE=32.07(P13.8%) PB=2.6(P0.8%)
fetch 603179: PE=31.85(P43.9%) PB=3.39(P24.2%)
fetch 603180: PE=-82.39(P2.1%) PB=0.83(P0.9%)
fetch 603195: PE=18.35(P2.8%) PB=4.28(P2.8%)
fetch 603197: PE=31.89(P62.1%) PB=1.88(P0.7%)
fetch 603208: PE=-7.82(P22.1%) PB=1.81(P1.0%)
fetch 603209: PE=14.08(P22.3%) PB=1.25(P3.0%)
fetch 603225: PE=30.07(P87.6%) PB=1.54(P53.6%)
fetch 603228: PE=58.71(P96.0%) PB=5.03(P56.7%)
fetch 603233: PE=16.94(P5.7%) PB=2.84(P17.3%)
fetch 603236: PE=23.87(P2.2%) PB=2.62(P0.3%)
fetch 603256: PE=363.73(P93.5%) PB=40.85(P95.8%)
fetch 603259: PE=18.6(P18.8%) PB=4.45(P32.6%)
fetch 603260: PE=-12.4(P8.4%) PB=1.34(P0.4%)
fetch 603267: PE=40.78(P50.8%) PB=2.58(P20.4%)
fetch 603288: PE=31.08(P6.3%) PB=5.38(P3.3%)
fetch 603297: PE=45.48(P74.5%) PB=4.55(P39.7%)
fetch 603303: PE=35.24(P97.4%) PB=2.7(P84.6%)
fetch 603308: PE=74.78(P60.9%) PB=5.54(P93.4%)
fetch 603316: PE=-31.29(P10.7%) PB=5.61(P89.8%)
fetch 603317: PE=21.4(P4.4%) PB=3.35(P31.5%)
fetch 603321: PE=58.57(P81.9%) PB=1.4(P1.0%)
fetch 603326: PE=13.66(P18.7%) PB=1.64(P3.8%)
fetch 603338: PE=15.89(P19.4%) PB=2.58(P10.4%)
fetch 603345: PE=19.82(P23.3%) PB=1.89(P16.2%)
fetch 603359: PE=-0.87(P36.4%) PB=0.67(P11.2%)
fetch 603363: PE=-49.12(P2.5%) PB=2.44(P16.1%)
fetch 603365: PE=11.59(P24.2%) PB=1.51(P34.6%)
fetch 603366: PE=31.0(P57.7%) PB=1.32(P54.4%)
fetch 603368: PE=9.46(P26.5%) PB=0.78(P1.1%)
fetch 603379: PE=16.62(P5.4%) PB=4.18(P78.4%)
fetch 603392: PE=-99.73(P28.2%) PB=3.28(P2.2%)
fetch 603416: PE=28.66(P51.1%) PB=2.73(P20.7%)
fetch 603444: PE=13.62(P11.3%) PB=4.6(P30.9%)
fetch 603456: PE=19.45(P14.5%) PB=1.43(P7.0%)
fetch 603477: PE=-17.1(P30.4%) PB=3.08(P37.5%)
fetch 603501: PE=30.22(P14.5%) PB=3.39(P0.1%)
fetch 603505: PE=41.91(P41.6%) PB=7.07(P37.4%)
fetch 603508: PE=14.86(P25.7%) PB=2.1(P52.3%)
fetch 603515: PE=14.02(P10.7%) PB=1.79(P3.4%)
fetch 603517: PE=-26.35(P2.2%) PB=1.05(P1.0%)
fetch 603565: PE=11.36(P59.5%) PB=2.05(P36.1%)
fetch 603566: PE=20.59(P2.1%) PB=1.34(P0.8%)
fetch 603568: PE=16.29(P22.4%) PB=2.06(P0.8%)
fetch 603587: PE=19.81(P82.6%) PB=1.48(P4.2%)
fetch 603588: PE=15.55(P5.6%) PB=1.85(P32.7%)
fetch 603596: PE=17.76(P1.2%) PB=2.88(P2.1%)
fetch 603599: PE=14.99(P51.6%) PB=0.96(P2.1%)
fetch 603601: PE=237.36(P92.6%) PB=3.23(P39.1%)
fetch 603606: PE=24.64(P21.1%) PB=3.95(P20.7%)
fetch 603609: PE=-98.9(P3.8%) PB=0.88(P1.4%)
fetch 603616: PE=-78.03(P17.4%) PB=8.71(P89.9%)
fetch 603619: PE=33.4(P80.8%) PB=2.38(P31.8%)
fetch 603638: PE=38.46(P15.8%) PB=4.68(P25.6%)
fetch 603650: PE=56.61(P58.6%) PB=7.66(P66.6%)
fetch 603658: PE=18.48(P5.9%) PB=2.09(P2.6%)
fetch 603660: PE=-8.56(P37.1%) PB=7.07(P83.0%)
fetch 603678: PE=75.48(P91.2%) PB=3.1(P31.1%)
fetch 603685: PE=170.56(P85.7%) PB=3.04(P86.1%)
fetch 603696: PE=86.75(P61.6%) PB=4.97(P66.8%)
fetch 603706: PE=14.73(P5.6%) PB=1.9(P35.3%)
fetch 603711: PE=22.1(P25.4%) PB=1.28(P0.5%)
fetch 603718: PE=-5.67(P15.0%) PB=2.02(P1.8%)
fetch 603719: PE=-57.14(P2.6%) PB=1.78(P4.7%)
fetch 603727: PE=-232.85(P2.8%) PB=1.61(P62.1%)
fetch 603728: PE=279.87(P84.9%) PB=6.38(P61.6%)
fetch 603737: PE=27.94(P14.8%) PB=7.23(P28.0%)
fetch 603739: PE=36.03(P23.4%) PB=1.56(P3.2%)
fetch 603755: PE=24.74(P0.5%) PB=2.76(P1.8%)
fetch 603777: PE=-22.89(P27.8%) PB=2.75(P57.0%)
fetch 603786: PE=21.92(P1.2%) PB=2.94(P1.2%)
fetch 603789: PE=-14.86(P52.1%) PB=14.39(P98.5%)
fetch 603800: PE=452.73(P95.6%) PB=13.6(P96.6%)
fetch 603801: PE=36.7(P91.3%) PB=0.8(P1.2%)
fetch 603806: PE=55.75(P88.5%) PB=2.34(P9.3%)
fetch 603816: PE=12.0(P4.7%) PB=1.91(P1.5%)
fetch 603826: PE=-305.99(P2.7%) PB=6.81(P35.6%)
fetch 603833: PE=11.7(P5.0%) PB=1.17(P1.6%)
fetch 603859: PE=44.28(P52.1%) PB=3.16(P49.6%)
fetch 603866: PE=27.65(P36.5%) PB=1.32(P1.5%)
fetch 603876: PE=33.18(P70.1%) PB=2.7(P68.2%)
fetch 603877: PE=34.65(P79.1%) PB=1.42(P4.7%)
fetch 603881: PE=142.23(P82.2%) PB=5.89(P50.0%)
fetch 603883: PE=24.45(P23.8%) PB=1.42(P2.6%)
fetch 603885: PE=20.85(P50.5%) PB=2.29(P16.6%)
fetch 603893: PE=66.65(P13.2%) PB=16.38(P64.4%)
fetch 603898: PE=-324.89(P2.6%) PB=1.02(P12.7%)
fetch 603916: PE=31.54(P73.7%) PB=0.94(P16.6%)
fetch 603938: PE=146.58(P96.9%) PB=5.32(P80.1%)
fetch 603939: PE=15.92(P3.1%) PB=2.31(P2.7%)
fetch 603986: PE=90.59(P47.9%) PB=10.3(P55.7%)
fetch 603989: PE=36.7(P81.5%) PB=2.44(P24.1%)
fetch 605006: PE=-670.68(P9.1%) PB=3.23(P82.6%)
fetch 605020: PE=19.81(P2.3%) PB=2.68(P24.7%)
fetch 605089: PE=37.16(P30.4%) PB=2.11(P4.4%)
fetch 605099: PE=18.41(P22.3%) PB=3.93(P35.6%)
fetch 605118: PE=41.17(P44.6%) PB=6.96(P77.6%)
fetch 605179: PE=131.5(P66.4%) PB=6.14(P69.8%)
fetch 605266: PE=17.01(P34.3%) PB=0.95(P2.1%)
fetch 605286: PE=27.02(P47.7%) PB=1.69(P0.5%)
fetch 605296: PE=-29.23(P21.4%) PB=3.67(P83.9%)
fetch 605299: PE=42.4(P49.0%) PB=3.49(P47.5%)
fetch 605336: PE=-28.75(P4.4%) PB=0.99(P3.5%)
fetch 605337: PE=20.39(P17.2%) PB=2.24(P7.4%)
fetch 605358: PE=-508.49(P5.2%) PB=3.95(P55.6%)
fetch 605365: PE=40.41(P92.4%) PB=1.7(P0.8%)
fetch 605368: PE=20.4(P88.9%) PB=1.45(P2.1%)
fetch 605388: PE=-19.1(P18.4%) PB=2.39(P27.1%)
fetch 605499: PE=21.62(P3.0%) PB=4.96(P3.0%)
fetch 605567: PE=45.03(P47.0%) PB=1.5(P7.6%)
fetch 605599: PE=10.72(P4.1%) PB=2.57(P44.5%)
fetch 688002: PE=43.77(P25.8%) PB=8.97(P68.2%)
fetch 688008: PE=93.91(P69.0%) PB=11.52(P72.1%)
fetch 688010: PE=256.55(P79.7%) PB=2.17(P34.1%)
fetch 688012: PE=121.62(P67.5%) PB=13.65(P71.8%)
fetch 688015: PE=18.29(P20.2%) PB=1.06(P1.4%)
fetch 688016: PE=19.45(P4.4%) PB=2.71(P3.3%)
fetch 688018: PE=39.9(P1.1%) PB=4.79(P22.2%)
fetch 688019: PE=63.46(P48.8%) PB=11.38(P59.1%)
fetch 688023: PE=-59.34(P30.7%) PB=1.6(P5.7%)
fetch 688025: PE=71.04(P57.3%) PB=10.06(P94.8%)
fetch 688036: PE=27.12(P60.1%) PB=3.56(P9.7%)
fetch 688037: PE=817.32(P97.9%) PB=20.59(P87.1%)
fetch 688055: PE=-55.74(P42.4%) PB=3.07(P37.1%)
fetch 688063: PE=73.73(P47.0%) PB=1.16(P14.5%)
fetch 688072: PE=113.5(P66.0%) PB=25.75(P95.8%)
fetch 688080: PE=17.67(P2.8%) PB=2.04(P3.3%)
fetch 688082: PE=100.89(P78.0%) PB=9.27(P84.5%)
fetch 688083: PE=251.26(P47.8%) PB=2.89(P1.7%)
fetch 688088: PE=47.78(P0.4%) PB=4.53(P17.3%)
fetch 688098: PE=-172.12(P7.8%) PB=2.38(P48.5%)
fetch 688099: PE=44.89(P41.8%) PB=5.11(P26.7%)
fetch 688100: PE=21.54(P1.1%) PB=4.11(P6.7%)
fetch 688106: PE=147.59(P95.5%) PB=4.05(P54.3%)
fetch 688111: PE=32.25(P3.6%) PB=7.73(P3.8%)
fetch 688120: PE=120.92(P97.1%) PB=17.19(P94.3%)
fetch 688126: PE=-42.01(P47.8%) PB=4.45(P46.1%)
fetch 688127: PE=48.58(P37.3%) PB=9.84(P89.5%)
fetch 688138: PE=43.93(P18.9%) PB=2.96(P2.3%)
fetch 688147: PE=241.01(P75.6%) PB=12.83(P83.5%)
fetch 688158: PE=-469.54(P8.2%) PB=5.06(P65.9%)
fetch 688159: PE=70.26(P63.7%) PB=2.82(P29.8%)
fetch 688160: PE=122.31(P73.8%) PB=6.95(P60.5%)
fetch 688172: PE=-150.01(P30.6%) PB=3.77(P93.9%)
fetch 688181: PE=54.17(P78.6%) PB=2.12(P46.1%)
fetch 688187: PE=15.29(P1.6%) PB=1.46(P9.4%)
fetch 688201: PE=69.36(P76.3%) PB=1.66(P3.4%)
fetch 688202: PE=-69.81(P3.9%) PB=4.91(P39.6%)
fetch 688205: PE=224.22(P78.6%) PB=7.34(P78.4%)
fetch 688223: PE=-6.53(P26.6%) PB=1.79(P5.6%)
fetch 688249: PE=128.96(P90.3%) PB=3.64(P94.1%)
fetch 688268: PE=129.89(P91.9%) PB=8.64(P86.6%)
fetch 688271: PE=50.58(P22.2%) PB=4.37(P7.3%)
fetch 688276: PE=-22.69(P13.0%) PB=1.58(P2.5%)
fetch 688286: PE=125.86(P63.3%) PB=2.7(P26.0%)
fetch 688305: PE=77.28(P43.5%) PB=3.63(P2.5%)
fetch 688316: PE=-34.47(P16.5%) PB=37.29(P76.4%)
fetch 688320: PE=-38.76(P29.1%) PB=3.47(P25.9%)
fetch 688326: PE=189.14(P87.3%) PB=2.04(P18.4%)
fetch 688347: PE=810.03(P78.5%) PB=8.83(P95.3%)
fetch 688361: PE=2.01(P20.0%) PB=22.43(P81.3%)
fetch 688375: PE=92.7(P72.9%) PB=6.46(P61.5%)
fetch 688395: PE=39.52(P56.2%) PB=2.14(P20.2%)
fetch 688396: PE=78.74(P65.7%) PB=3.09(P30.9%)
fetch 688409: PE=702.45(P95.9%) PB=11.11(P94.6%)
fetch 688418: PE=-50.04(P30.2%) PB=6.94(P78.2%)
fetch 688439: PE=56.52(P51.1%) PB=1.54(P0.6%)
fetch 688448: PE=466.46(P92.8%) PB=4.39(P86.9%)
fetch 688489: PE=-110.42(P22.5%) PB=1.97(P14.9%)
fetch 688498: PE=355.55(P56.4%) PB=50.14(P92.3%)
fetch 688518: PE=37.23(P31.7%) PB=1.87(P19.8%)
fetch 688526: PE=15.18(P2.2%) PB=1.37(P1.9%)
fetch 688533: PE=19.11(P3.7%) PB=1.93(P0.9%)
fetch 688538: PE=-17.42(P52.4%) PB=4.44(P93.9%)
fetch 688558: PE=21.05(P16.8%) PB=1.96(P20.5%)
fetch 688559: PE=-15.77(P13.9%) PB=4.33(P49.9%)
fetch 688561: PE=-13.44(P71.0%) PB=2.39(P16.0%)
fetch 688567: PE=-17.0(P77.3%) PB=1.37(P8.3%)
fetch 688582: PE=54.21(P0.1%) PB=5.72(P6.1%)
fetch 688592: PE=129.64(P73.9%) PB=2.58(P35.9%)
fetch 688596: PE=186.18(P98.8%) PB=3.92(P76.2%)
fetch 688599: PE=-5.36(P25.8%) PB=1.57(P20.6%)
fetch 688608: PE=58.23(P24.1%) PB=4.01(P49.4%)
fetch 688617: PE=35.88(P3.3%) PB=10.48(P17.6%)
fetch 688660: PE=-10.88(P37.1%) PB=3.01(P80.3%)
fetch 688676: PE=44.2(P62.1%) PB=5.68(P64.8%)
fetch 688697: PE=25.96(P65.7%) PB=4.2(P56.6%)
fetch 688698: PE=36.77(P49.9%) PB=3.91(P23.6%)
fetch 688739: PE=142.56(P95.6%) PB=0.88(P1.4%)
fetch 688777: PE=161.41(P96.3%) PB=6.37(P47.1%)
fetch 688981: PE=208.68(P90.1%) PB=7.03(P91.2%)
fetch 920087: PE=169.32(P89.5%) PB=2.84(P32.5%)
fetch 920491: PE=35.78(P57.7%) PB=2.78(P52.4%)
幂等重写完成 filled=1064 skip=2
skip 样例: [('berkshire-aero-chain-300114.html', 'no-data'), ('berkshire-telecom-chain-600941.html', 'no-data')]
